<?xml version="1.0" encoding="ISO-8859-1" ?>
<link_info>
   <banner>TI ARM Linker PC v18.12.4.LTS</banner>
   <copyright>Copyright (c) 1996-2018 Texas Instruments Incorporated</copyright>
   <link_time>0x5de6f22f</link_time>
   <link_errors>0x0</link_errors>
   <output_file>rts_trainset.out</output_file>
   <entry_point>
      <name>_c_int00_noargs</name>
      <address>0x3909</address>
   </entry_point>
   <input_file_list>
      <input_file id="fl-2">
         <path>.\</path>
         <kind>object</kind>
         <file>Kernel_Calls.obj</file>
         <name>Kernel_Calls.obj</name>
      </input_file>
      <input_file id="fl-3">
         <path>.\</path>
         <kind>object</kind>
         <file>Process.obj</file>
         <name>Process.obj</name>
      </input_file>
      <input_file id="fl-4">
         <path>.\</path>
         <kind>object</kind>
         <file>ServiceCalls.obj</file>
         <name>ServiceCalls.obj</name>
      </input_file>
      <input_file id="fl-5">
         <path>.\</path>
         <kind>object</kind>
         <file>UART0.obj</file>
         <name>UART0.obj</name>
      </input_file>
      <input_file id="fl-6">
         <path>.\</path>
         <kind>object</kind>
         <file>dataLink.obj</file>
         <name>dataLink.obj</name>
      </input_file>
      <input_file id="fl-7">
         <path>.\</path>
         <kind>object</kind>
         <file>main.obj</file>
         <name>main.obj</name>
      </input_file>
      <input_file id="fl-8">
         <path>.\</path>
         <kind>object</kind>
         <file>physical.obj</file>
         <name>physical.obj</name>
      </input_file>
      <input_file id="fl-9">
         <path>.\</path>
         <kind>object</kind>
         <file>priorityQueue.obj</file>
         <name>priorityQueue.obj</name>
      </input_file>
      <input_file id="fl-a">
         <path>.\</path>
         <kind>object</kind>
         <file>registerProcess.obj</file>
         <name>registerProcess.obj</name>
      </input_file>
      <input_file id="fl-b">
         <path>.\</path>
         <kind>object</kind>
         <file>sysTick.obj</file>
         <name>sysTick.obj</name>
      </input_file>
      <input_file id="fl-c">
         <path>.\</path>
         <kind>object</kind>
         <file>testProcess.obj</file>
         <name>testProcess.obj</name>
      </input_file>
      <input_file id="fl-d">
         <path>.\</path>
         <kind>object</kind>
         <file>tm4c1294ncpdt_startup_ccs.obj</file>
         <name>tm4c1294ncpdt_startup_ccs.obj</name>
      </input_file>
      <input_file id="fl-11">
         <kind>object</kind>
         <file>&lt;internal&gt;</file>
         <name>&lt;internal&gt;</name>
      </input_file>
      <input_file id="fl-c7">
         <path>C:\ti\ccs920\ccs\tools\compiler\ti-cgt-arm_18.12.4.LTS\lib\</path>
         <kind>archive</kind>
         <file>rtsv7M4_T_le_v4SPD16_eabi.lib</file>
         <name>sprintf.c.obj</name>
      </input_file>
      <input_file id="fl-c8">
         <path>C:\ti\ccs920\ccs\tools\compiler\ti-cgt-arm_18.12.4.LTS\lib\</path>
         <kind>archive</kind>
         <file>rtsv7M4_T_le_v4SPD16_eabi.lib</file>
         <name>memcpy_t2.asm.obj</name>
      </input_file>
      <input_file id="fl-c9">
         <path>C:\ti\ccs920\ccs\tools\compiler\ti-cgt-arm_18.12.4.LTS\lib\</path>
         <kind>archive</kind>
         <file>rtsv7M4_T_le_v4SPD16_eabi.lib</file>
         <name>copy_zero_init.c.obj</name>
      </input_file>
      <input_file id="fl-ca">
         <path>C:\ti\ccs920\ccs\tools\compiler\ti-cgt-arm_18.12.4.LTS\lib\</path>
         <kind>archive</kind>
         <file>rtsv7M4_T_le_v4SPD16_eabi.lib</file>
         <name>copy_decompress_none.c.obj</name>
      </input_file>
      <input_file id="fl-cb">
         <path>C:\ti\ccs920\ccs\tools\compiler\ti-cgt-arm_18.12.4.LTS\lib\</path>
         <kind>archive</kind>
         <file>rtsv7M4_T_le_v4SPD16_eabi.lib</file>
         <name>copy_decompress_lzss.c.obj</name>
      </input_file>
      <input_file id="fl-cc">
         <path>C:\ti\ccs920\ccs\tools\compiler\ti-cgt-arm_18.12.4.LTS\lib\</path>
         <kind>archive</kind>
         <file>rtsv7M4_T_le_v4SPD16_eabi.lib</file>
         <name>memory.c.obj</name>
      </input_file>
      <input_file id="fl-cd">
         <path>C:\ti\ccs920\ccs\tools\compiler\ti-cgt-arm_18.12.4.LTS\lib\</path>
         <kind>archive</kind>
         <file>rtsv7M4_T_le_v4SPD16_eabi.lib</file>
         <name>strcpy.c.obj</name>
      </input_file>
      <input_file id="fl-ce">
         <path>C:\ti\ccs920\ccs\tools\compiler\ti-cgt-arm_18.12.4.LTS\lib\</path>
         <kind>archive</kind>
         <file>rtsv7M4_T_le_v4SPD16_eabi.lib</file>
         <name>boot_cortex_m.c.obj</name>
      </input_file>
      <input_file id="fl-cf">
         <path>C:\ti\ccs920\ccs\tools\compiler\ti-cgt-arm_18.12.4.LTS\lib\</path>
         <kind>archive</kind>
         <file>rtsv7M4_T_le_v4SPD16_eabi.lib</file>
         <name>_printfi.c.obj</name>
      </input_file>
      <input_file id="fl-d0">
         <path>C:\ti\ccs920\ccs\tools\compiler\ti-cgt-arm_18.12.4.LTS\lib\</path>
         <kind>archive</kind>
         <file>rtsv7M4_T_le_v4SPD16_eabi.lib</file>
         <name>fd_add_t2.asm.obj</name>
      </input_file>
      <input_file id="fl-d1">
         <path>C:\ti\ccs920\ccs\tools\compiler\ti-cgt-arm_18.12.4.LTS\lib\</path>
         <kind>archive</kind>
         <file>rtsv7M4_T_le_v4SPD16_eabi.lib</file>
         <name>fd_cmp_t2.asm.obj</name>
      </input_file>
      <input_file id="fl-d2">
         <path>C:\ti\ccs920\ccs\tools\compiler\ti-cgt-arm_18.12.4.LTS\lib\</path>
         <kind>archive</kind>
         <file>rtsv7M4_T_le_v4SPD16_eabi.lib</file>
         <name>fd_div_t2.asm.obj</name>
      </input_file>
      <input_file id="fl-d3">
         <path>C:\ti\ccs920\ccs\tools\compiler\ti-cgt-arm_18.12.4.LTS\lib\</path>
         <kind>archive</kind>
         <file>rtsv7M4_T_le_v4SPD16_eabi.lib</file>
         <name>fd_mul_t2.asm.obj</name>
      </input_file>
      <input_file id="fl-d4">
         <path>C:\ti\ccs920\ccs\tools\compiler\ti-cgt-arm_18.12.4.LTS\lib\</path>
         <kind>archive</kind>
         <file>rtsv7M4_T_le_v4SPD16_eabi.lib</file>
         <name>fd_toi_t2.asm.obj</name>
      </input_file>
      <input_file id="fl-d5">
         <path>C:\ti\ccs920\ccs\tools\compiler\ti-cgt-arm_18.12.4.LTS\lib\</path>
         <kind>archive</kind>
         <file>rtsv7M4_T_le_v4SPD16_eabi.lib</file>
         <name>i_tofd_t2.asm.obj</name>
      </input_file>
      <input_file id="fl-d6">
         <path>C:\ti\ccs920\ccs\tools\compiler\ti-cgt-arm_18.12.4.LTS\lib\</path>
         <kind>archive</kind>
         <file>rtsv7M4_T_le_v4SPD16_eabi.lib</file>
         <name>ull_div_t2.asm.obj</name>
      </input_file>
      <input_file id="fl-d7">
         <path>C:\ti\ccs920\ccs\tools\compiler\ti-cgt-arm_18.12.4.LTS\lib\</path>
         <kind>archive</kind>
         <file>rtsv7M4_T_le_v4SPD16_eabi.lib</file>
         <name>memset_t2.asm.obj</name>
      </input_file>
      <input_file id="fl-d8">
         <path>C:\ti\ccs920\ccs\tools\compiler\ti-cgt-arm_18.12.4.LTS\lib\</path>
         <kind>archive</kind>
         <file>rtsv7M4_T_le_v4SPD16_eabi.lib</file>
         <name>autoinit.c.obj</name>
      </input_file>
      <input_file id="fl-d9">
         <path>C:\ti\ccs920\ccs\tools\compiler\ti-cgt-arm_18.12.4.LTS\lib\</path>
         <kind>archive</kind>
         <file>rtsv7M4_T_le_v4SPD16_eabi.lib</file>
         <name>pre_init.c.obj</name>
      </input_file>
      <input_file id="fl-da">
         <path>C:\ti\ccs920\ccs\tools\compiler\ti-cgt-arm_18.12.4.LTS\lib\</path>
         <kind>archive</kind>
         <file>rtsv7M4_T_le_v4SPD16_eabi.lib</file>
         <name>cpy_tbl.c.obj</name>
      </input_file>
      <input_file id="fl-db">
         <path>C:\ti\ccs920\ccs\tools\compiler\ti-cgt-arm_18.12.4.LTS\lib\</path>
         <kind>archive</kind>
         <file>rtsv7M4_T_le_v4SPD16_eabi.lib</file>
         <name>exit.c.obj</name>
      </input_file>
      <input_file id="fl-dc">
         <path>C:\ti\ccs920\ccs\tools\compiler\ti-cgt-arm_18.12.4.LTS\lib\</path>
         <kind>archive</kind>
         <file>rtsv7M4_T_le_v4SPD16_eabi.lib</file>
         <name>_lock.c.obj</name>
      </input_file>
      <input_file id="fl-dd">
         <path>C:\ti\ccs920\ccs\tools\compiler\ti-cgt-arm_18.12.4.LTS\lib\</path>
         <kind>archive</kind>
         <file>rtsv7M4_T_le_v4SPD16_eabi.lib</file>
         <name>args_main.c.obj</name>
      </input_file>
      <input_file id="fl-de">
         <path>C:\ti\ccs920\ccs\tools\compiler\ti-cgt-arm_18.12.4.LTS\lib\</path>
         <kind>archive</kind>
         <file>rtsv7M4_T_le_v4SPD16_eabi.lib</file>
         <name>atoi.c.obj</name>
      </input_file>
      <input_file id="fl-df">
         <path>C:\ti\ccs920\ccs\tools\compiler\ti-cgt-arm_18.12.4.LTS\lib\</path>
         <kind>archive</kind>
         <file>rtsv7M4_T_le_v4SPD16_eabi.lib</file>
         <name>ctype.c.obj</name>
      </input_file>
      <input_file id="fl-e0">
         <path>C:\ti\ccs920\ccs\tools\compiler\ti-cgt-arm_18.12.4.LTS\lib\</path>
         <kind>archive</kind>
         <file>rtsv7M4_T_le_v4SPD16_eabi.lib</file>
         <name>ltoa.c.obj</name>
      </input_file>
      <input_file id="fl-e1">
         <path>C:\ti\ccs920\ccs\tools\compiler\ti-cgt-arm_18.12.4.LTS\lib\</path>
         <kind>archive</kind>
         <file>rtsv7M4_T_le_v4SPD16_eabi.lib</file>
         <name>memccpy.c.obj</name>
      </input_file>
      <input_file id="fl-e2">
         <path>C:\ti\ccs920\ccs\tools\compiler\ti-cgt-arm_18.12.4.LTS\lib\</path>
         <kind>archive</kind>
         <file>rtsv7M4_T_le_v4SPD16_eabi.lib</file>
         <name>strchr.c.obj</name>
      </input_file>
      <input_file id="fl-e3">
         <path>C:\ti\ccs920\ccs\tools\compiler\ti-cgt-arm_18.12.4.LTS\lib\</path>
         <kind>archive</kind>
         <file>rtsv7M4_T_le_v4SPD16_eabi.lib</file>
         <name>strlen.c.obj</name>
      </input_file>
      <input_file id="fl-e4">
         <path>C:\ti\ccs920\ccs\tools\compiler\ti-cgt-arm_18.12.4.LTS\lib\</path>
         <kind>archive</kind>
         <file>rtsv7M4_T_le_v4SPD16_eabi.lib</file>
         <name>errno.c.obj</name>
      </input_file>
      <input_file id="fl-e5">
         <path>C:\ti\ccs920\ccs\tools\compiler\ti-cgt-arm_18.12.4.LTS\lib\</path>
         <kind>archive</kind>
         <file>rtsv7M4_T_le_v4SPD16_eabi.lib</file>
         <name>wcslen.c.obj</name>
      </input_file>
      <input_file id="fl-e6">
         <path>C:\ti\ccs920\ccs\tools\compiler\ti-cgt-arm_18.12.4.LTS\lib\</path>
         <kind>archive</kind>
         <file>rtsv7M4_T_le_v4SPD16_eabi.lib</file>
         <name>s_frexp.c.obj</name>
      </input_file>
      <input_file id="fl-e7">
         <path>C:\ti\ccs920\ccs\tools\compiler\ti-cgt-arm_18.12.4.LTS\lib\</path>
         <kind>archive</kind>
         <file>rtsv7M4_T_le_v4SPD16_eabi.lib</file>
         <name>s_scalbn.c.obj</name>
      </input_file>
      <input_file id="fl-e8">
         <path>C:\ti\ccs920\ccs\tools\compiler\ti-cgt-arm_18.12.4.LTS\lib\</path>
         <kind>archive</kind>
         <file>rtsv7M4_T_le_v4SPD16_eabi.lib</file>
         <name>div0.asm.obj</name>
      </input_file>
      <input_file id="fl-e9">
         <path>C:\ti\ccs920\ccs\tools\compiler\ti-cgt-arm_18.12.4.LTS\lib\</path>
         <kind>archive</kind>
         <file>rtsv7M4_T_le_v4SPD16_eabi.lib</file>
         <name>s_copysign.c.obj</name>
      </input_file>
   </input_file_list>
   <object_component_list>
      <object_component id="oc-f">
         <name>.intvecs</name>
         <load_address>0x0</load_address>
         <run_address>0x0</run_address>
         <size>0x208</size>
         <input_file_ref idref="fl-d"/>
      </object_component>
      <object_component id="oc-228">
         <name>.text:__TI_printfi</name>
         <load_address>0x208</load_address>
         <run_address>0x208</run_address>
         <size>0xa4e</size>
         <input_file_ref idref="fl-cf"/>
      </object_component>
      <object_component id="oc-1e5">
         <name>.text:_nop</name>
         <load_address>0xc56</load_address>
         <run_address>0xc56</run_address>
         <size>0x2</size>
         <input_file_ref idref="fl-dc"/>
      </object_component>
      <object_component id="oc-2d">
         <name>.text</name>
         <load_address>0xc58</load_address>
         <run_address>0xc58</run_address>
         <size>0x6d4</size>
         <input_file_ref idref="fl-4"/>
      </object_component>
      <object_component id="oc-18e">
         <name>.text</name>
         <load_address>0x132c</load_address>
         <run_address>0x132c</run_address>
         <size>0x69c</size>
         <input_file_ref idref="fl-c"/>
      </object_component>
      <object_component id="oc-84">
         <name>.text</name>
         <load_address>0x19c8</load_address>
         <run_address>0x19c8</run_address>
         <size>0x400</size>
         <input_file_ref idref="fl-9"/>
      </object_component>
      <object_component id="oc-289">
         <name>.text:_pconv_a</name>
         <load_address>0x1dc8</load_address>
         <run_address>0x1dc8</run_address>
         <size>0x270</size>
         <input_file_ref idref="fl-cf"/>
      </object_component>
      <object_component id="oc-277">
         <name>.text:_pconv_g</name>
         <load_address>0x2038</load_address>
         <run_address>0x2038</run_address>
         <size>0x1d0</size>
         <input_file_ref idref="fl-cf"/>
      </object_component>
      <object_component id="oc-110">
         <name>.text</name>
         <load_address>0x2208</load_address>
         <run_address>0x2208</run_address>
         <size>0x1c8</size>
         <input_file_ref idref="fl-2"/>
      </object_component>
      <object_component id="oc-2ea">
         <name>.text</name>
         <load_address>0x23d0</load_address>
         <run_address>0x23d0</run_address>
         <size>0x1b6</size>
         <input_file_ref idref="fl-d0"/>
      </object_component>
      <object_component id="oc-343">
         <name>.text</name>
         <load_address>0x2586</load_address>
         <run_address>0x2586</run_address>
         <size>0x2</size>
         <input_file_ref idref="fl-e8"/>
      </object_component>
      <object_component id="oc-39">
         <name>.text</name>
         <load_address>0x2588</load_address>
         <run_address>0x2588</run_address>
         <size>0x154</size>
         <input_file_ref idref="fl-5"/>
      </object_component>
      <object_component id="oc-283">
         <name>.text:_pconv_e</name>
         <load_address>0x26dc</load_address>
         <run_address>0x26dc</run_address>
         <size>0x13c</size>
         <input_file_ref idref="fl-cf"/>
      </object_component>
      <object_component id="oc-2d0">
         <name>.text</name>
         <load_address>0x2818</load_address>
         <run_address>0x2818</run_address>
         <size>0x136</size>
         <input_file_ref idref="fl-d2"/>
      </object_component>
      <object_component id="oc-2fc">
         <name>.text:fcvt</name>
         <load_address>0x2950</load_address>
         <run_address>0x2950</run_address>
         <size>0x124</size>
         <input_file_ref idref="fl-cf"/>
      </object_component>
      <object_component id="oc-14c">
         <name>.text:aligned_alloc</name>
         <load_address>0x2a74</load_address>
         <run_address>0x2a74</run_address>
         <size>0x118</size>
         <input_file_ref idref="fl-cc"/>
      </object_component>
      <object_component id="oc-310">
         <name>.text:scalbn</name>
         <load_address>0x2b8c</load_address>
         <run_address>0x2b8c</run_address>
         <size>0x110</size>
         <input_file_ref idref="fl-e7"/>
      </object_component>
      <object_component id="oc-116">
         <name>.text</name>
         <load_address>0x2c9c</load_address>
         <run_address>0x2c9c</run_address>
         <size>0x10c</size>
         <input_file_ref idref="fl-a"/>
      </object_component>
      <object_component id="oc-2cb">
         <name>.text</name>
         <load_address>0x2da8</load_address>
         <run_address>0x2da8</run_address>
         <size>0xfc</size>
         <input_file_ref idref="fl-d3"/>
      </object_component>
      <object_component id="oc-8a">
         <name>.text:realloc</name>
         <load_address>0x2ea4</load_address>
         <run_address>0x2ea4</run_address>
         <size>0xe8</size>
         <input_file_ref idref="fl-cc"/>
      </object_component>
      <object_component id="oc-96">
         <name>.text:free</name>
         <load_address>0x2f8c</load_address>
         <run_address>0x2f8c</run_address>
         <size>0xe4</size>
         <input_file_ref idref="fl-cc"/>
      </object_component>
      <object_component id="oc-26c">
         <name>.text:_ltostr</name>
         <load_address>0x3070</load_address>
         <run_address>0x3070</run_address>
         <size>0xb1</size>
         <input_file_ref idref="fl-cf"/>
      </object_component>
      <object_component id="oc-4d">
         <name>.text</name>
         <load_address>0x3122</load_address>
         <run_address>0x3122</run_address>
         <size>0x9c</size>
         <input_file_ref idref="fl-c8"/>
      </object_component>
      <object_component id="oc-2c4">
         <name>.text</name>
         <load_address>0x31be</load_address>
         <run_address>0x31be</run_address>
         <size>0x96</size>
         <input_file_ref idref="fl-d6"/>
      </object_component>
      <object_component id="oc-272">
         <name>.text:__aeabi_cdcmple</name>
         <load_address>0x3254</load_address>
         <run_address>0x3254</run_address>
         <size>0x86</size>
         <input_file_ref idref="fl-d1"/>
      </object_component>
      <object_component id="oc-2d5">
         <name>.text:__aeabi_cdrcmple</name>
         <load_address>0x32da</load_address>
         <run_address>0x32da</run_address>
         <size>0x86</size>
         <input_file_ref idref="fl-d1"/>
      </object_component>
      <object_component id="oc-e6">
         <name>.text</name>
         <load_address>0x3360</load_address>
         <run_address>0x3360</run_address>
         <size>0x7a</size>
         <input_file_ref idref="fl-d7"/>
      </object_component>
      <object_component id="oc-f2">
         <name>.text</name>
         <load_address>0x33dc</load_address>
         <run_address>0x33dc</run_address>
         <size>0x78</size>
         <input_file_ref idref="fl-7"/>
      </object_component>
      <object_component id="oc-139">
         <name>.text:split</name>
         <load_address>0x3454</load_address>
         <run_address>0x3454</run_address>
         <size>0x70</size>
         <input_file_ref idref="fl-cc"/>
      </object_component>
      <object_component id="oc-2f5">
         <name>.text:_mcpy</name>
         <load_address>0x34c4</load_address>
         <run_address>0x34c4</run_address>
         <size>0x6e</size>
         <input_file_ref idref="fl-cf"/>
      </object_component>
      <object_component id="oc-12">
         <name>.text:decompress:lzss:__TI_decompress_lzss</name>
         <load_address>0x3532</load_address>
         <run_address>0x3532</run_address>
         <size>0x68</size>
         <input_file_ref idref="fl-cb"/>
      </object_component>
      <object_component id="oc-30a">
         <name>.text:frexp</name>
         <load_address>0x359c</load_address>
         <run_address>0x359c</run_address>
         <size>0x64</size>
         <input_file_ref idref="fl-e6"/>
      </object_component>
      <object_component id="oc-33">
         <name>.text</name>
         <load_address>0x3600</load_address>
         <run_address>0x3600</run_address>
         <size>0x60</size>
         <input_file_ref idref="fl-b"/>
      </object_component>
      <object_component id="oc-27d">
         <name>.text:_pconv_f</name>
         <load_address>0x3660</load_address>
         <run_address>0x3660</run_address>
         <size>0x56</size>
         <input_file_ref idref="fl-cf"/>
      </object_component>
      <object_component id="oc-a8">
         <name>.text</name>
         <load_address>0x36b6</load_address>
         <run_address>0x36b6</run_address>
         <size>0x54</size>
         <input_file_ref idref="fl-3"/>
      </object_component>
      <object_component id="oc-2df">
         <name>.text:ltoa</name>
         <load_address>0x370a</load_address>
         <run_address>0x370a</run_address>
         <size>0x54</size>
         <input_file_ref idref="fl-e0"/>
      </object_component>
      <object_component id="oc-2ef">
         <name>.text:_ecpy</name>
         <load_address>0x375e</load_address>
         <run_address>0x375e</run_address>
         <size>0x52</size>
         <input_file_ref idref="fl-cf"/>
      </object_component>
      <object_component id="oc-266">
         <name>.text:atoi</name>
         <load_address>0x37b0</load_address>
         <run_address>0x37b0</run_address>
         <size>0x4c</size>
         <input_file_ref idref="fl-de"/>
      </object_component>
      <object_component id="oc-2da">
         <name>.text</name>
         <load_address>0x37fc</load_address>
         <run_address>0x37fc</run_address>
         <size>0x48</size>
         <input_file_ref idref="fl-d4"/>
      </object_component>
      <object_component id="oc-1a1">
         <name>.text:__TI_auto_init_nobinit_nopinit:__TI_auto_init_nobinit_nopinit</name>
         <load_address>0x3844</load_address>
         <run_address>0x3844</run_address>
         <size>0x44</size>
         <input_file_ref idref="fl-d8"/>
      </object_component>
      <object_component id="oc-1f5">
         <name>.text:sprintf</name>
         <load_address>0x3888</load_address>
         <run_address>0x3888</run_address>
         <size>0x40</size>
         <input_file_ref idref="fl-c7"/>
      </object_component>
      <object_component id="oc-302">
         <name>.text:_fcpy</name>
         <load_address>0x38c8</load_address>
         <run_address>0x38c8</run_address>
         <size>0x3e</size>
         <input_file_ref idref="fl-cf"/>
      </object_component>
      <object_component id="oc-6b">
         <name>.text:_c_int00_noargs:_c_int00_noargs</name>
         <load_address>0x3908</load_address>
         <run_address>0x3908</run_address>
         <size>0x34</size>
         <input_file_ref idref="fl-ce"/>
      </object_component>
      <object_component id="oc-2e5">
         <name>.text</name>
         <load_address>0x393c</load_address>
         <run_address>0x393c</run_address>
         <size>0x2e</size>
         <input_file_ref idref="fl-d5"/>
      </object_component>
      <object_component id="oc-145">
         <name>.text:free_list_insert</name>
         <load_address>0x396c</load_address>
         <run_address>0x396c</run_address>
         <size>0x28</size>
         <input_file_ref idref="fl-cc"/>
      </object_component>
      <object_component id="oc-59">
         <name>.text:decompress:ZI:__TI_zero_init_nomemset:__TI_zero_init_nomemset</name>
         <load_address>0x3994</load_address>
         <run_address>0x3994</run_address>
         <size>0x1c</size>
         <input_file_ref idref="fl-c9"/>
      </object_component>
      <object_component id="oc-133">
         <name>.text:free_list_remove</name>
         <load_address>0x39b0</load_address>
         <run_address>0x39b0</run_address>
         <size>0x1c</size>
         <input_file_ref idref="fl-cc"/>
      </object_component>
      <object_component id="oc-28f">
         <name>.text:memccpy</name>
         <load_address>0x39cc</load_address>
         <run_address>0x39cc</run_address>
         <size>0x1c</size>
         <input_file_ref idref="fl-e1"/>
      </object_component>
      <object_component id="oc-35c">
         <name>.text:copysign</name>
         <load_address>0x39e8</load_address>
         <run_address>0x39e8</run_address>
         <size>0x1a</size>
         <input_file_ref idref="fl-e9"/>
      </object_component>
      <object_component id="oc-22e">
         <name>.text:_outs</name>
         <load_address>0x3a02</load_address>
         <run_address>0x3a02</run_address>
         <size>0x18</size>
         <input_file_ref idref="fl-c7"/>
      </object_component>
      <object_component id="oc-316">
         <name>.text:strchr</name>
         <load_address>0x3a1a</load_address>
         <run_address>0x3a1a</run_address>
         <size>0x16</size>
         <input_file_ref idref="fl-e2"/>
      </object_component>
      <object_component id="oc-90">
         <name>.text:strcpy</name>
         <load_address>0x3a30</load_address>
         <run_address>0x3a30</run_address>
         <size>0x14</size>
         <input_file_ref idref="fl-cd"/>
      </object_component>
      <object_component id="oc-260">
         <name>.text:strlen</name>
         <load_address>0x3a44</load_address>
         <run_address>0x3a44</run_address>
         <size>0x14</size>
         <input_file_ref idref="fl-e3"/>
      </object_component>
      <object_component id="oc-295">
         <name>.text:wcslen</name>
         <load_address>0x3a58</load_address>
         <run_address>0x3a58</run_address>
         <size>0x12</size>
         <input_file_ref idref="fl-e5"/>
      </object_component>
      <object_component id="oc-18">
         <name>.text:decompress:none:__TI_decompress_none</name>
         <load_address>0x3a6a</load_address>
         <run_address>0x3a6a</run_address>
         <size>0xe</size>
         <input_file_ref idref="fl-ca"/>
      </object_component>
      <object_component id="oc-27">
         <name>.text</name>
         <load_address>0x3a78</load_address>
         <run_address>0x3a78</run_address>
         <size>0xc</size>
         <input_file_ref idref="fl-d"/>
      </object_component>
      <object_component id="oc-234">
         <name>.text:_outc</name>
         <load_address>0x3a84</load_address>
         <run_address>0x3a84</run_address>
         <size>0xa</size>
         <input_file_ref idref="fl-c7"/>
      </object_component>
      <object_component id="oc-29b">
         <name>.text:__aeabi_errno_addr</name>
         <load_address>0x3a90</load_address>
         <run_address>0x3a90</run_address>
         <size>0x8</size>
         <input_file_ref idref="fl-e4"/>
      </object_component>
      <object_component id="oc-9c">
         <name>.text:malloc</name>
         <load_address>0x3a98</load_address>
         <run_address>0x3a98</run_address>
         <size>0x8</size>
         <input_file_ref idref="fl-cc"/>
      </object_component>
      <object_component id="oc-ec">
         <name>.text:_system_pre_init</name>
         <load_address>0x3aa0</load_address>
         <run_address>0x3aa0</run_address>
         <size>0x4</size>
         <input_file_ref idref="fl-d9"/>
      </object_component>
      <object_component id="oc-195">
         <name>.text:abort:abort</name>
         <load_address>0x3aa4</load_address>
         <run_address>0x3aa4</run_address>
         <size>0x4</size>
         <input_file_ref idref="fl-db"/>
      </object_component>
      <object_component id="oc-2bf">
         <name>.const:.string:_ctypes_</name>
         <load_address>0x3aa8</load_address>
         <run_address>0x3aa8</run_address>
         <size>0x101</size>
         <input_file_ref idref="fl-df"/>
      </object_component>
      <object_component id="oc-1fb">
         <name>.const:$P$T0$1</name>
         <load_address>0x3ba9</load_address>
         <run_address>0x3ba9</run_address>
         <size>0x9</size>
         <input_file_ref idref="fl-c"/>
      </object_component>
      <object_component id="oc-11f">
         <name>.const:$P$T1$2</name>
         <load_address>0x3bb2</load_address>
         <run_address>0x3bb2</run_address>
         <size>0x9</size>
         <input_file_ref idref="fl-9"/>
      </object_component>
      <object_component id="oc-1fe">
         <name>.const:$P$T1$2</name>
         <load_address>0x3bbb</load_address>
         <run_address>0x3bbb</run_address>
         <size>0x9</size>
         <input_file_ref idref="fl-c"/>
      </object_component>
      <object_component id="oc-201">
         <name>.const:$P$T2$3</name>
         <load_address>0x3bc4</load_address>
         <run_address>0x3bc4</run_address>
         <size>0x9</size>
         <input_file_ref idref="fl-c"/>
      </object_component>
      <object_component id="oc-11c">
         <name>.const:.string:$P$T0$1</name>
         <load_address>0x3bcd</load_address>
         <run_address>0x3bcd</run_address>
         <size>0x5</size>
         <input_file_ref idref="fl-9"/>
      </object_component>
      <object_component id="oc-3b2">
         <name>.cinit..data.load</name>
         <load_address>0x3bd8</load_address>
         <run_address>0x3bd8</run_address>
         <size>0x12</size>
      </object_component>
      <object_component id="oc-3b0">
         <name>__TI_handler_table</name>
         <load_address>0x3bec</load_address>
         <run_address>0x3bec</run_address>
         <size>0xc</size>
      </object_component>
      <object_component id="oc-3b3">
         <name>.cinit..bss.load</name>
         <load_address>0x3bf8</load_address>
         <run_address>0x3bf8</run_address>
         <size>0x8</size>
      </object_component>
      <object_component id="oc-3b1">
         <name>__TI_cinit_table</name>
         <load_address>0x3c00</load_address>
         <run_address>0x3c00</run_address>
         <size>0x10</size>
      </object_component>
      <object_component id="oc-1d3">
         <name>.data</name>
         <load_address>0x20000280</load_address>
         <run_address>0x20000280</run_address>
         <size>0x2</size>
         <input_file_ref idref="fl-2"/>
      </object_component>
      <object_component id="oc-b1">
         <name>.data</name>
         <load_address>0x20000274</load_address>
         <run_address>0x20000274</run_address>
         <size>0x4</size>
         <input_file_ref idref="fl-4"/>
      </object_component>
      <object_component id="oc-1d6">
         <name>.data</name>
         <load_address>0x20000278</load_address>
         <run_address>0x20000278</run_address>
         <size>0x4</size>
         <input_file_ref idref="fl-a"/>
      </object_component>
      <object_component id="oc-1e0">
         <name>.data:$O1$$</name>
         <load_address>0x2000026c</load_address>
         <run_address>0x2000026c</run_address>
         <size>0x8</size>
         <input_file_ref idref="fl-cc"/>
      </object_component>
      <object_component id="oc-13f">
         <name>.data:$O1$$</name>
         <load_address>0x20000264</load_address>
         <run_address>0x20000264</run_address>
         <size>0x8</size>
         <input_file_ref idref="fl-dc"/>
      </object_component>
      <object_component id="oc-326">
         <name>.data</name>
         <load_address>0x2000027c</load_address>
         <run_address>0x2000027c</run_address>
         <size>0x4</size>
         <input_file_ref idref="fl-e4"/>
      </object_component>
      <object_component id="oc-1d4">
         <name>.bss</name>
         <uninitialized>true</uninitialized>
         <run_address>0x20000254</run_address>
         <size>0x4</size>
         <input_file_ref idref="fl-2"/>
      </object_component>
      <object_component id="oc-a2">
         <name>.bss:mailbox_list</name>
         <uninitialized>true</uninitialized>
         <run_address>0x20000200</run_address>
         <size>0x40</size>
         <input_file_ref idref="fl-4"/>
      </object_component>
      <object_component id="oc-122">
         <name>.bss:priorityQueue</name>
         <uninitialized>true</uninitialized>
         <run_address>0x20000240</run_address>
         <size>0x14</size>
         <input_file_ref idref="fl-9"/>
      </object_component>
      <object_component id="oc-125">
         <name>.bss</name>
         <uninitialized>true</uninitialized>
         <run_address>0x20000260</run_address>
         <size>0x2</size>
         <input_file_ref idref="fl-9"/>
      </object_component>
      <object_component id="oc-b9">
         <name>.common:UART_INPUT</name>
         <uninitialized>true</uninitialized>
         <run_address>0x20000262</run_address>
         <size>0x1</size>
      </object_component>
      <object_component id="oc-ae">
         <name>.common:running</name>
         <uninitialized>true</uninitialized>
         <run_address>0x2000025c</run_address>
         <size>0x4</size>
      </object_component>
      <object_component id="oc-a5">
         <name>.common:blockedQueue</name>
         <uninitialized>true</uninitialized>
         <run_address>0x20000258</run_address>
         <size>0x4</size>
      </object_component>
      <object_component id="oc-21">
         <name>.sysmem</name>
         <uninitialized>true</uninitialized>
         <run_address>0x20000288</run_address>
         <size>0x10</size>
         <input_file_ref idref="fl-cc"/>
      </object_component>
      <object_component id="oc-3b5">
         <name>.sysmem</name>
         <uninitialized>true</uninitialized>
         <run_address>0x20000288</run_address>
         <size>0x0</size>
      </object_component>
      <object_component id="oc-24">
         <name>.stack</name>
         <uninitialized>true</uninitialized>
         <run_address>0x20000000</run_address>
         <size>0x4</size>
         <input_file_ref idref="fl-ce"/>
      </object_component>
      <object_component id="oc-3b4">
         <name>.stack</name>
         <uninitialized>true</uninitialized>
         <run_address>0x20000000</run_address>
         <size>0x0</size>
      </object_component>
      <object_component id="oc-ba">
         <name>.debug_info</name>
         <load_address>0x0</load_address>
         <run_address>0x0</run_address>
         <size>0x391</size>
         <input_file_ref idref="fl-2"/>
      </object_component>
      <object_component id="oc-113">
         <name>.debug_info</name>
         <load_address>0x391</load_address>
         <run_address>0x391</run_address>
         <size>0x68a</size>
         <input_file_ref idref="fl-2"/>
      </object_component>
      <object_component id="oc-c7">
         <name>.debug_info</name>
         <load_address>0xa1b</load_address>
         <run_address>0xa1b</run_address>
         <size>0x26b</size>
         <input_file_ref idref="fl-2"/>
      </object_component>
      <object_component id="oc-48">
         <name>.debug_info</name>
         <load_address>0xc86</load_address>
         <run_address>0xc86</run_address>
         <size>0x84</size>
         <input_file_ref idref="fl-2"/>
      </object_component>
      <object_component id="oc-179">
         <name>.debug_info</name>
         <load_address>0xd0a</load_address>
         <run_address>0xd0a</run_address>
         <size>0x297</size>
         <input_file_ref idref="fl-2"/>
      </object_component>
      <object_component id="oc-161">
         <name>.debug_info</name>
         <load_address>0xfa1</load_address>
         <run_address>0xfa1</run_address>
         <size>0xcc</size>
         <input_file_ref idref="fl-2"/>
      </object_component>
      <object_component id="oc-23c">
         <name>.debug_info</name>
         <load_address>0x106d</load_address>
         <run_address>0x106d</run_address>
         <size>0x2c</size>
         <input_file_ref idref="fl-2"/>
      </object_component>
      <object_component id="oc-b3">
         <name>.debug_info</name>
         <load_address>0x1099</load_address>
         <run_address>0x1099</run_address>
         <size>0x10a</size>
         <input_file_ref idref="fl-2"/>
      </object_component>
      <object_component id="oc-157">
         <name>.debug_info</name>
         <load_address>0x11a3</load_address>
         <run_address>0x11a3</run_address>
         <size>0x109</size>
         <input_file_ref idref="fl-2"/>
      </object_component>
      <object_component id="oc-15c">
         <name>.debug_info</name>
         <load_address>0x12ac</load_address>
         <run_address>0x12ac</run_address>
         <size>0x228</size>
         <input_file_ref idref="fl-2"/>
      </object_component>
      <object_component id="oc-167">
         <name>.debug_info</name>
         <load_address>0x14d4</load_address>
         <run_address>0x14d4</run_address>
         <size>0x285</size>
         <input_file_ref idref="fl-3"/>
      </object_component>
      <object_component id="oc-ac">
         <name>.debug_info</name>
         <load_address>0x1759</load_address>
         <run_address>0x1759</run_address>
         <size>0x358</size>
         <input_file_ref idref="fl-3"/>
      </object_component>
      <object_component id="oc-16a">
         <name>.debug_info</name>
         <load_address>0x1ab1</load_address>
         <run_address>0x1ab1</run_address>
         <size>0x228</size>
         <input_file_ref idref="fl-3"/>
      </object_component>
      <object_component id="oc-af">
         <name>.debug_info</name>
         <load_address>0x1cd9</load_address>
         <run_address>0x1cd9</run_address>
         <size>0x501</size>
         <input_file_ref idref="fl-4"/>
      </object_component>
      <object_component id="oc-a3">
         <name>.debug_info</name>
         <load_address>0x21da</load_address>
         <run_address>0x21da</run_address>
         <size>0xde</size>
         <input_file_ref idref="fl-4"/>
      </object_component>
      <object_component id="oc-2f">
         <name>.debug_info</name>
         <load_address>0x22b8</load_address>
         <run_address>0x22b8</run_address>
         <size>0xd0b</size>
         <input_file_ref idref="fl-4"/>
      </object_component>
      <object_component id="oc-129">
         <name>.debug_info</name>
         <load_address>0x2fc3</load_address>
         <run_address>0x2fc3</run_address>
         <size>0xc6</size>
         <input_file_ref idref="fl-4"/>
      </object_component>
      <object_component id="oc-c3">
         <name>.debug_info</name>
         <load_address>0x3089</load_address>
         <run_address>0x3089</run_address>
         <size>0x2f8</size>
         <input_file_ref idref="fl-5"/>
      </object_component>
      <object_component id="oc-3a">
         <name>.debug_info</name>
         <load_address>0x3381</load_address>
         <run_address>0x3381</run_address>
         <size>0x458</size>
         <input_file_ref idref="fl-5"/>
      </object_component>
      <object_component id="oc-bc">
         <name>.debug_info</name>
         <load_address>0x37d9</load_address>
         <run_address>0x37d9</run_address>
         <size>0x4d6</size>
         <input_file_ref idref="fl-7"/>
      </object_component>
      <object_component id="oc-f3">
         <name>.debug_info</name>
         <load_address>0x3caf</load_address>
         <run_address>0x3caf</run_address>
         <size>0x22c</size>
         <input_file_ref idref="fl-7"/>
      </object_component>
      <object_component id="oc-12e">
         <name>.debug_info</name>
         <load_address>0x3edb</load_address>
         <run_address>0x3edb</run_address>
         <size>0x2c</size>
         <input_file_ref idref="fl-7"/>
      </object_component>
      <object_component id="oc-a6">
         <name>.debug_info</name>
         <load_address>0x3f07</load_address>
         <run_address>0x3f07</run_address>
         <size>0x4d8</size>
         <input_file_ref idref="fl-9"/>
      </object_component>
      <object_component id="oc-123">
         <name>.debug_info</name>
         <load_address>0x43df</load_address>
         <run_address>0x43df</run_address>
         <size>0xe1</size>
         <input_file_ref idref="fl-9"/>
      </object_component>
      <object_component id="oc-126">
         <name>.debug_info</name>
         <load_address>0x44c0</load_address>
         <run_address>0x44c0</run_address>
         <size>0xe5</size>
         <input_file_ref idref="fl-9"/>
      </object_component>
      <object_component id="oc-11d">
         <name>.debug_info</name>
         <load_address>0x45a5</load_address>
         <run_address>0x45a5</run_address>
         <size>0xd5</size>
         <input_file_ref idref="fl-9"/>
      </object_component>
      <object_component id="oc-120">
         <name>.debug_info</name>
         <load_address>0x467a</load_address>
         <run_address>0x467a</run_address>
         <size>0xd5</size>
         <input_file_ref idref="fl-9"/>
      </object_component>
      <object_component id="oc-86">
         <name>.debug_info</name>
         <load_address>0x474f</load_address>
         <run_address>0x474f</run_address>
         <size>0x9e5</size>
         <input_file_ref idref="fl-9"/>
      </object_component>
      <object_component id="oc-be">
         <name>.debug_info</name>
         <load_address>0x5134</load_address>
         <run_address>0x5134</run_address>
         <size>0x36c</size>
         <input_file_ref idref="fl-a"/>
      </object_component>
      <object_component id="oc-118">
         <name>.debug_info</name>
         <load_address>0x54a0</load_address>
         <run_address>0x54a0</run_address>
         <size>0x2ca</size>
         <input_file_ref idref="fl-a"/>
      </object_component>
      <object_component id="oc-c0">
         <name>.debug_info</name>
         <load_address>0x576a</load_address>
         <run_address>0x576a</run_address>
         <size>0x2b1</size>
         <input_file_ref idref="fl-b"/>
      </object_component>
      <object_component id="oc-34">
         <name>.debug_info</name>
         <load_address>0x5a1b</load_address>
         <run_address>0x5a1b</run_address>
         <size>0x3c7</size>
         <input_file_ref idref="fl-b"/>
      </object_component>
      <object_component id="oc-205">
         <name>.debug_info</name>
         <load_address>0x5de2</load_address>
         <run_address>0x5de2</run_address>
         <size>0x44f</size>
         <input_file_ref idref="fl-c"/>
      </object_component>
      <object_component id="oc-1fc">
         <name>.debug_info</name>
         <load_address>0x6231</load_address>
         <run_address>0x6231</run_address>
         <size>0xd4</size>
         <input_file_ref idref="fl-c"/>
      </object_component>
      <object_component id="oc-1ff">
         <name>.debug_info</name>
         <load_address>0x6305</load_address>
         <run_address>0x6305</run_address>
         <size>0xd4</size>
         <input_file_ref idref="fl-c"/>
      </object_component>
      <object_component id="oc-202">
         <name>.debug_info</name>
         <load_address>0x63d9</load_address>
         <run_address>0x63d9</run_address>
         <size>0xd4</size>
         <input_file_ref idref="fl-c"/>
      </object_component>
      <object_component id="oc-18f">
         <name>.debug_info</name>
         <load_address>0x64ad</load_address>
         <run_address>0x64ad</run_address>
         <size>0x12cc</size>
         <input_file_ref idref="fl-c"/>
      </object_component>
      <object_component id="oc-41">
         <name>.debug_info</name>
         <load_address>0x7779</load_address>
         <run_address>0x7779</run_address>
         <size>0x30d</size>
         <input_file_ref idref="fl-d"/>
      </object_component>
      <object_component id="oc-10">
         <name>.debug_info</name>
         <load_address>0x7a86</load_address>
         <run_address>0x7a86</run_address>
         <size>0xec</size>
         <input_file_ref idref="fl-d"/>
      </object_component>
      <object_component id="oc-2b">
         <name>.debug_info</name>
         <load_address>0x7b72</load_address>
         <run_address>0x7b72</run_address>
         <size>0x26b</size>
         <input_file_ref idref="fl-d"/>
      </object_component>
      <object_component id="oc-cc">
         <name>.debug_info</name>
         <load_address>0x7ddd</load_address>
         <run_address>0x7ddd</run_address>
         <size>0xbb</size>
         <input_file_ref idref="fl-d"/>
      </object_component>
      <object_component id="oc-23b">
         <name>.debug_info</name>
         <load_address>0x7e98</load_address>
         <run_address>0x7e98</run_address>
         <size>0x332</size>
         <input_file_ref idref="fl-c7"/>
      </object_component>
      <object_component id="oc-1f6">
         <name>.debug_info</name>
         <load_address>0x81ca</load_address>
         <run_address>0x81ca</run_address>
         <size>0x1d0</size>
         <input_file_ref idref="fl-c7"/>
      </object_component>
      <object_component id="oc-22f">
         <name>.debug_info</name>
         <load_address>0x839a</load_address>
         <run_address>0x839a</run_address>
         <size>0x18c</size>
         <input_file_ref idref="fl-c7"/>
      </object_component>
      <object_component id="oc-237">
         <name>.debug_info</name>
         <load_address>0x8526</load_address>
         <run_address>0x8526</run_address>
         <size>0x16c</size>
         <input_file_ref idref="fl-c7"/>
      </object_component>
      <object_component id="oc-32d">
         <name>.debug_info</name>
         <load_address>0x8692</load_address>
         <run_address>0x8692</run_address>
         <size>0x2c</size>
         <input_file_ref idref="fl-c7"/>
      </object_component>
      <object_component id="oc-50">
         <name>.debug_info</name>
         <load_address>0x86be</load_address>
         <run_address>0x86be</run_address>
         <size>0x118</size>
         <input_file_ref idref="fl-c8"/>
      </object_component>
      <object_component id="oc-e5">
         <name>.debug_info</name>
         <load_address>0x87d6</load_address>
         <run_address>0x87d6</run_address>
         <size>0x2d3</size>
         <input_file_ref idref="fl-c9"/>
      </object_component>
      <object_component id="oc-5a">
         <name>.debug_info</name>
         <load_address>0x8aa9</load_address>
         <run_address>0x8aa9</run_address>
         <size>0x1d1</size>
         <input_file_ref idref="fl-c9"/>
      </object_component>
      <object_component id="oc-e0">
         <name>.debug_info</name>
         <load_address>0x8c7a</load_address>
         <run_address>0x8c7a</run_address>
         <size>0x46</size>
         <input_file_ref idref="fl-c9"/>
      </object_component>
      <object_component id="oc-185">
         <name>.debug_info</name>
         <load_address>0x8cc0</load_address>
         <run_address>0x8cc0</run_address>
         <size>0x2c</size>
         <input_file_ref idref="fl-c9"/>
      </object_component>
      <object_component id="oc-58">
         <name>.debug_info</name>
         <load_address>0x8cec</load_address>
         <run_address>0x8cec</run_address>
         <size>0x2a7</size>
         <input_file_ref idref="fl-ca"/>
      </object_component>
      <object_component id="oc-19">
         <name>.debug_info</name>
         <load_address>0x8f93</load_address>
         <run_address>0x8f93</run_address>
         <size>0x1e9</size>
         <input_file_ref idref="fl-ca"/>
      </object_component>
      <object_component id="oc-53">
         <name>.debug_info</name>
         <load_address>0x917c</load_address>
         <run_address>0x917c</run_address>
         <size>0x46</size>
         <input_file_ref idref="fl-ca"/>
      </object_component>
      <object_component id="oc-d8">
         <name>.debug_info</name>
         <load_address>0x91c2</load_address>
         <run_address>0x91c2</run_address>
         <size>0x2c</size>
         <input_file_ref idref="fl-ca"/>
      </object_component>
      <object_component id="oc-d6">
         <name>.debug_info</name>
         <load_address>0x91ee</load_address>
         <run_address>0x91ee</run_address>
         <size>0x29d</size>
         <input_file_ref idref="fl-cb"/>
      </object_component>
      <object_component id="oc-15">
         <name>.debug_info</name>
         <load_address>0x948b</load_address>
         <run_address>0x948b</run_address>
         <size>0x24f</size>
         <input_file_ref idref="fl-cb"/>
      </object_component>
      <object_component id="oc-43">
         <name>.debug_info</name>
         <load_address>0x96da</load_address>
         <run_address>0x96da</run_address>
         <size>0x60</size>
         <input_file_ref idref="fl-cb"/>
      </object_component>
      <object_component id="oc-17e">
         <name>.debug_info</name>
         <load_address>0x973a</load_address>
         <run_address>0x973a</run_address>
         <size>0x46</size>
         <input_file_ref idref="fl-cb"/>
      </object_component>
      <object_component id="oc-d1">
         <name>.debug_info</name>
         <load_address>0x9780</load_address>
         <run_address>0x9780</run_address>
         <size>0x39</size>
         <input_file_ref idref="fl-cb"/>
      </object_component>
      <object_component id="oc-7f">
         <name>.debug_info</name>
         <load_address>0x97b9</load_address>
         <run_address>0x97b9</run_address>
         <size>0x3b1</size>
         <input_file_ref idref="fl-cc"/>
      </object_component>
      <object_component id="oc-22">
         <name>.debug_info</name>
         <load_address>0x9b6a</load_address>
         <run_address>0x9b6a</run_address>
         <size>0x10b</size>
         <input_file_ref idref="fl-cc"/>
      </object_component>
      <object_component id="oc-1e1">
         <name>.debug_info</name>
         <load_address>0x9c75</load_address>
         <run_address>0x9c75</run_address>
         <size>0x13e</size>
         <input_file_ref idref="fl-cc"/>
      </object_component>
      <object_component id="oc-a0">
         <name>.debug_info</name>
         <load_address>0x9db3</load_address>
         <run_address>0x9db3</run_address>
         <size>0x167</size>
         <input_file_ref idref="fl-cc"/>
      </object_component>
      <object_component id="oc-135">
         <name>.debug_info</name>
         <load_address>0x9f1a</load_address>
         <run_address>0x9f1a</run_address>
         <size>0x18d</size>
         <input_file_ref idref="fl-cc"/>
      </object_component>
      <object_component id="oc-149">
         <name>.debug_info</name>
         <load_address>0xa0a7</load_address>
         <run_address>0xa0a7</run_address>
         <size>0x19e</size>
         <input_file_ref idref="fl-cc"/>
      </object_component>
      <object_component id="oc-99">
         <name>.debug_info</name>
         <load_address>0xa245</load_address>
         <run_address>0xa245</run_address>
         <size>0x202</size>
         <input_file_ref idref="fl-cc"/>
      </object_component>
      <object_component id="oc-13d">
         <name>.debug_info</name>
         <load_address>0xa447</load_address>
         <run_address>0xa447</run_address>
         <size>0x1da</size>
         <input_file_ref idref="fl-cc"/>
      </object_component>
      <object_component id="oc-8d">
         <name>.debug_info</name>
         <load_address>0xa621</load_address>
         <run_address>0xa621</run_address>
         <size>0x26d</size>
         <input_file_ref idref="fl-cc"/>
      </object_component>
      <object_component id="oc-150">
         <name>.debug_info</name>
         <load_address>0xa88e</load_address>
         <run_address>0xa88e</run_address>
         <size>0x298</size>
         <input_file_ref idref="fl-cc"/>
      </object_component>
      <object_component id="oc-10b">
         <name>.debug_info</name>
         <load_address>0xab26</load_address>
         <run_address>0xab26</run_address>
         <size>0xb2</size>
         <input_file_ref idref="fl-cc"/>
      </object_component>
      <object_component id="oc-106">
         <name>.debug_info</name>
         <load_address>0xabd8</load_address>
         <run_address>0xabd8</run_address>
         <size>0x2c</size>
         <input_file_ref idref="fl-cc"/>
      </object_component>
      <object_component id="oc-144">
         <name>.debug_info</name>
         <load_address>0xac04</load_address>
         <run_address>0xac04</run_address>
         <size>0x2a3</size>
         <input_file_ref idref="fl-cd"/>
      </object_component>
      <object_component id="oc-92">
         <name>.debug_info</name>
         <load_address>0xaea7</load_address>
         <run_address>0xaea7</run_address>
         <size>0x247</size>
         <input_file_ref idref="fl-cd"/>
      </object_component>
      <object_component id="oc-25">
         <name>.debug_info</name>
         <load_address>0xb0ee</load_address>
         <run_address>0xb0ee</run_address>
         <size>0x10a</size>
         <input_file_ref idref="fl-ce"/>
      </object_component>
      <object_component id="oc-6f">
         <name>.debug_info</name>
         <load_address>0xb1f8</load_address>
         <run_address>0xb1f8</run_address>
         <size>0x1a8</size>
         <input_file_ref idref="fl-ce"/>
      </object_component>
      <object_component id="oc-2a2">
         <name>.debug_info</name>
         <load_address>0xb3a0</load_address>
         <run_address>0xb3a0</run_address>
         <size>0x57a</size>
         <input_file_ref idref="fl-cf"/>
      </object_component>
      <object_component id="oc-26f">
         <name>.debug_info</name>
         <load_address>0xb91a</load_address>
         <run_address>0xb91a</run_address>
         <size>0x21d</size>
         <input_file_ref idref="fl-cf"/>
      </object_component>
      <object_component id="oc-2f3">
         <name>.debug_info</name>
         <load_address>0xbb37</load_address>
         <run_address>0xbb37</run_address>
         <size>0x1b2</size>
         <input_file_ref idref="fl-cf"/>
      </object_component>
      <object_component id="oc-2f9">
         <name>.debug_info</name>
         <load_address>0xbce9</load_address>
         <run_address>0xbce9</run_address>
         <size>0x21a</size>
         <input_file_ref idref="fl-cf"/>
      </object_component>
      <object_component id="oc-27b">
         <name>.debug_info</name>
         <load_address>0xbf03</load_address>
         <run_address>0xbf03</run_address>
         <size>0x3ba</size>
         <input_file_ref idref="fl-cf"/>
      </object_component>
      <object_component id="oc-300">
         <name>.debug_info</name>
         <load_address>0xc2bd</load_address>
         <run_address>0xc2bd</run_address>
         <size>0x304</size>
         <input_file_ref idref="fl-cf"/>
      </object_component>
      <object_component id="oc-306">
         <name>.debug_info</name>
         <load_address>0xc5c1</load_address>
         <run_address>0xc5c1</run_address>
         <size>0x214</size>
         <input_file_ref idref="fl-cf"/>
      </object_component>
      <object_component id="oc-281">
         <name>.debug_info</name>
         <load_address>0xc7d5</load_address>
         <run_address>0xc7d5</run_address>
         <size>0x214</size>
         <input_file_ref idref="fl-cf"/>
      </object_component>
      <object_component id="oc-285">
         <name>.debug_info</name>
         <load_address>0xc9e9</load_address>
         <run_address>0xc9e9</run_address>
         <size>0x303</size>
         <input_file_ref idref="fl-cf"/>
      </object_component>
      <object_component id="oc-28b">
         <name>.debug_info</name>
         <load_address>0xccec</load_address>
         <run_address>0xccec</run_address>
         <size>0x4af</size>
         <input_file_ref idref="fl-cf"/>
      </object_component>
      <object_component id="oc-22a">
         <name>.debug_info</name>
         <load_address>0xd19b</load_address>
         <run_address>0xd19b</run_address>
         <size>0x5f3</size>
         <input_file_ref idref="fl-cf"/>
      </object_component>
      <object_component id="oc-2a3">
         <name>.debug_info</name>
         <load_address>0xd78e</load_address>
         <run_address>0xd78e</run_address>
         <size>0x86</size>
         <input_file_ref idref="fl-cf"/>
      </object_component>
      <object_component id="oc-332">
         <name>.debug_info</name>
         <load_address>0xd814</load_address>
         <run_address>0xd814</run_address>
         <size>0x39</size>
         <input_file_ref idref="fl-cf"/>
      </object_component>
      <object_component id="oc-373">
         <name>.debug_info</name>
         <load_address>0xd84d</load_address>
         <run_address>0xd84d</run_address>
         <size>0xb6</size>
         <input_file_ref idref="fl-cf"/>
      </object_component>
      <object_component id="oc-337">
         <name>.debug_info</name>
         <load_address>0xd903</load_address>
         <run_address>0xd903</run_address>
         <size>0x46</size>
         <input_file_ref idref="fl-cf"/>
      </object_component>
      <object_component id="oc-2a8">
         <name>.debug_info</name>
         <load_address>0xd949</load_address>
         <run_address>0xd949</run_address>
         <size>0x46</size>
         <input_file_ref idref="fl-cf"/>
      </object_component>
      <object_component id="oc-2eb">
         <name>.debug_info</name>
         <load_address>0xd98f</load_address>
         <run_address>0xd98f</run_address>
         <size>0x14b</size>
         <input_file_ref idref="fl-d0"/>
      </object_component>
      <object_component id="oc-274">
         <name>.debug_info</name>
         <load_address>0xdada</load_address>
         <run_address>0xdada</run_address>
         <size>0x127</size>
         <input_file_ref idref="fl-d1"/>
      </object_component>
      <object_component id="oc-2d8">
         <name>.debug_info</name>
         <load_address>0xdc01</load_address>
         <run_address>0xdc01</run_address>
         <size>0x129</size>
         <input_file_ref idref="fl-d1"/>
      </object_component>
      <object_component id="oc-2d3">
         <name>.debug_info</name>
         <load_address>0xdd2a</load_address>
         <run_address>0xdd2a</run_address>
         <size>0x139</size>
         <input_file_ref idref="fl-d2"/>
      </object_component>
      <object_component id="oc-2cc">
         <name>.debug_info</name>
         <load_address>0xde63</load_address>
         <run_address>0xde63</run_address>
         <size>0x139</size>
         <input_file_ref idref="fl-d3"/>
      </object_component>
      <object_component id="oc-2dc">
         <name>.debug_info</name>
         <load_address>0xdf9c</load_address>
         <run_address>0xdf9c</run_address>
         <size>0x12d</size>
         <input_file_ref idref="fl-d4"/>
      </object_component>
      <object_component id="oc-2e6">
         <name>.debug_info</name>
         <load_address>0xe0c9</load_address>
         <run_address>0xe0c9</run_address>
         <size>0x12b</size>
         <input_file_ref idref="fl-d5"/>
      </object_component>
      <object_component id="oc-2c7">
         <name>.debug_info</name>
         <load_address>0xe1f4</load_address>
         <run_address>0xe1f4</run_address>
         <size>0x133</size>
         <input_file_ref idref="fl-d6"/>
      </object_component>
      <object_component id="oc-e8">
         <name>.debug_info</name>
         <load_address>0xe327</load_address>
         <run_address>0xe327</run_address>
         <size>0x146</size>
         <input_file_ref idref="fl-d7"/>
      </object_component>
      <object_component id="oc-20e">
         <name>.debug_info</name>
         <load_address>0xe46d</load_address>
         <run_address>0xe46d</run_address>
         <size>0x4b2</size>
         <input_file_ref idref="fl-d8"/>
      </object_component>
      <object_component id="oc-1a3">
         <name>.debug_info</name>
         <load_address>0xe91f</load_address>
         <run_address>0xe91f</run_address>
         <size>0x1a5</size>
         <input_file_ref idref="fl-d8"/>
      </object_component>
      <object_component id="oc-24f">
         <name>.debug_info</name>
         <load_address>0xeac4</load_address>
         <run_address>0xeac4</run_address>
         <size>0x39</size>
         <input_file_ref idref="fl-d8"/>
      </object_component>
      <object_component id="oc-2b1">
         <name>.debug_info</name>
         <load_address>0xeafd</load_address>
         <run_address>0xeafd</run_address>
         <size>0x39</size>
         <input_file_ref idref="fl-d8"/>
      </object_component>
      <object_component id="oc-254">
         <name>.debug_info</name>
         <load_address>0xeb36</load_address>
         <run_address>0xeb36</run_address>
         <size>0x39</size>
         <input_file_ref idref="fl-d8"/>
      </object_component>
      <object_component id="oc-259">
         <name>.debug_info</name>
         <load_address>0xeb6f</load_address>
         <run_address>0xeb6f</run_address>
         <size>0xcd</size>
         <input_file_ref idref="fl-d8"/>
      </object_component>
      <object_component id="oc-ed">
         <name>.debug_info</name>
         <load_address>0xec3c</load_address>
         <run_address>0xec3c</run_address>
         <size>0x152</size>
         <input_file_ref idref="fl-d9"/>
      </object_component>
      <object_component id="oc-196">
         <name>.debug_info</name>
         <load_address>0xed8e</load_address>
         <run_address>0xed8e</run_address>
         <size>0x121</size>
         <input_file_ref idref="fl-db"/>
      </object_component>
      <object_component id="oc-1ed">
         <name>.debug_info</name>
         <load_address>0xeeaf</load_address>
         <run_address>0xeeaf</run_address>
         <size>0x2c8</size>
         <input_file_ref idref="fl-dc"/>
      </object_component>
      <object_component id="oc-140">
         <name>.debug_info</name>
         <load_address>0xf177</load_address>
         <run_address>0xf177</run_address>
         <size>0x11d</size>
         <input_file_ref idref="fl-dc"/>
      </object_component>
      <object_component id="oc-1e7">
         <name>.debug_info</name>
         <load_address>0xf294</load_address>
         <run_address>0xf294</run_address>
         <size>0x12d</size>
         <input_file_ref idref="fl-dc"/>
      </object_component>
      <object_component id="oc-2c3">
         <name>.debug_info</name>
         <load_address>0xf3c1</load_address>
         <run_address>0xf3c1</run_address>
         <size>0x2b8</size>
         <input_file_ref idref="fl-de"/>
      </object_component>
      <object_component id="oc-268">
         <name>.debug_info</name>
         <load_address>0xf679</load_address>
         <run_address>0xf679</run_address>
         <size>0x17b</size>
         <input_file_ref idref="fl-de"/>
      </object_component>
      <object_component id="oc-340">
         <name>.debug_info</name>
         <load_address>0xf7f4</load_address>
         <run_address>0xf7f4</run_address>
         <size>0xf8</size>
         <input_file_ref idref="fl-df"/>
      </object_component>
      <object_component id="oc-2c0">
         <name>.debug_info</name>
         <load_address>0xf8ec</load_address>
         <run_address>0xf8ec</run_address>
         <size>0x104</size>
         <input_file_ref idref="fl-df"/>
      </object_component>
      <object_component id="oc-34e">
         <name>.debug_info</name>
         <load_address>0xf9f0</load_address>
         <run_address>0xf9f0</run_address>
         <size>0x29a</size>
         <input_file_ref idref="fl-e0"/>
      </object_component>
      <object_component id="oc-2e1">
         <name>.debug_info</name>
         <load_address>0xfc8a</load_address>
         <run_address>0xfc8a</run_address>
         <size>0x1cc</size>
         <input_file_ref idref="fl-e0"/>
      </object_component>
      <object_component id="oc-31e">
         <name>.debug_info</name>
         <load_address>0xfe56</load_address>
         <run_address>0xfe56</run_address>
         <size>0x295</size>
         <input_file_ref idref="fl-e1"/>
      </object_component>
      <object_component id="oc-291">
         <name>.debug_info</name>
         <load_address>0x100eb</load_address>
         <run_address>0x100eb</run_address>
         <size>0x1b5</size>
         <input_file_ref idref="fl-e1"/>
      </object_component>
      <object_component id="oc-365">
         <name>.debug_info</name>
         <load_address>0x102a0</load_address>
         <run_address>0x102a0</run_address>
         <size>0x299</size>
         <input_file_ref idref="fl-e2"/>
      </object_component>
      <object_component id="oc-319">
         <name>.debug_info</name>
         <load_address>0x10539</load_address>
         <run_address>0x10539</run_address>
         <size>0x25d</size>
         <input_file_ref idref="fl-e2"/>
      </object_component>
      <object_component id="oc-2be">
         <name>.debug_info</name>
         <load_address>0x10796</load_address>
         <run_address>0x10796</run_address>
         <size>0x28e</size>
         <input_file_ref idref="fl-e3"/>
      </object_component>
      <object_component id="oc-262">
         <name>.debug_info</name>
         <load_address>0x10a24</load_address>
         <run_address>0x10a24</run_address>
         <size>0x240</size>
         <input_file_ref idref="fl-e3"/>
      </object_component>
      <object_component id="oc-32a">
         <name>.debug_info</name>
         <load_address>0x10c64</load_address>
         <run_address>0x10c64</run_address>
         <size>0x288</size>
         <input_file_ref idref="fl-e4"/>
      </object_component>
      <object_component id="oc-327">
         <name>.debug_info</name>
         <load_address>0x10eec</load_address>
         <run_address>0x10eec</run_address>
         <size>0x10d</size>
         <input_file_ref idref="fl-e4"/>
      </object_component>
      <object_component id="oc-29f">
         <name>.debug_info</name>
         <load_address>0x10ff9</load_address>
         <run_address>0x10ff9</run_address>
         <size>0x14d</size>
         <input_file_ref idref="fl-e4"/>
      </object_component>
      <object_component id="oc-325">
         <name>.debug_info</name>
         <load_address>0x11146</load_address>
         <run_address>0x11146</run_address>
         <size>0x28e</size>
         <input_file_ref idref="fl-e5"/>
      </object_component>
      <object_component id="oc-297">
         <name>.debug_info</name>
         <load_address>0x113d4</load_address>
         <run_address>0x113d4</run_address>
         <size>0x159</size>
         <input_file_ref idref="fl-e5"/>
      </object_component>
      <object_component id="oc-368">
         <name>.debug_info</name>
         <load_address>0x1152d</load_address>
         <run_address>0x1152d</run_address>
         <size>0x46</size>
         <input_file_ref idref="fl-e5"/>
      </object_component>
      <object_component id="oc-320">
         <name>.debug_info</name>
         <load_address>0x11573</load_address>
         <run_address>0x11573</run_address>
         <size>0x39</size>
         <input_file_ref idref="fl-e5"/>
      </object_component>
      <object_component id="oc-356">
         <name>.debug_info</name>
         <load_address>0x115ac</load_address>
         <run_address>0x115ac</run_address>
         <size>0x299</size>
         <input_file_ref idref="fl-e6"/>
      </object_component>
      <object_component id="oc-30c">
         <name>.debug_info</name>
         <load_address>0x11845</load_address>
         <run_address>0x11845</run_address>
         <size>0x194</size>
         <input_file_ref idref="fl-e6"/>
      </object_component>
      <object_component id="oc-37f">
         <name>.debug_info</name>
         <load_address>0x119d9</load_address>
         <run_address>0x119d9</run_address>
         <size>0x39</size>
         <input_file_ref idref="fl-e6"/>
      </object_component>
      <object_component id="oc-357">
         <name>.debug_info</name>
         <load_address>0x11a12</load_address>
         <run_address>0x11a12</run_address>
         <size>0x2c</size>
         <input_file_ref idref="fl-e6"/>
      </object_component>
      <object_component id="oc-363">
         <name>.debug_info</name>
         <load_address>0x11a3e</load_address>
         <run_address>0x11a3e</run_address>
         <size>0x2fc</size>
         <input_file_ref idref="fl-e7"/>
      </object_component>
      <object_component id="oc-312">
         <name>.debug_info</name>
         <load_address>0x11d3a</load_address>
         <run_address>0x11d3a</run_address>
         <size>0x224</size>
         <input_file_ref idref="fl-e7"/>
      </object_component>
      <object_component id="oc-344">
         <name>.debug_info</name>
         <load_address>0x11f5e</load_address>
         <run_address>0x11f5e</run_address>
         <size>0x114</size>
         <input_file_ref idref="fl-e8"/>
      </object_component>
      <object_component id="oc-35e">
         <name>.debug_info</name>
         <load_address>0x12072</load_address>
         <run_address>0x12072</run_address>
         <size>0x160</size>
         <input_file_ref idref="fl-e9"/>
      </object_component>
      <object_component id="oc-3b6">
         <name>.debug_info</name>
         <load_address>0x121d2</load_address>
         <run_address>0x121d2</run_address>
         <size>0x9e</size>
      </object_component>
      <object_component id="oc-170">
         <name>.debug_line</name>
         <load_address>0x0</load_address>
         <run_address>0x0</run_address>
         <size>0xdc</size>
         <input_file_ref idref="fl-2"/>
      </object_component>
      <object_component id="oc-111">
         <name>.debug_line</name>
         <load_address>0xdc</load_address>
         <run_address>0xdc</run_address>
         <size>0x148</size>
         <input_file_ref idref="fl-2"/>
      </object_component>
      <object_component id="oc-ca">
         <name>.debug_line</name>
         <load_address>0x224</load_address>
         <run_address>0x224</run_address>
         <size>0x6f</size>
         <input_file_ref idref="fl-2"/>
      </object_component>
      <object_component id="oc-4b">
         <name>.debug_line</name>
         <load_address>0x293</load_address>
         <run_address>0x293</run_address>
         <size>0x20</size>
         <input_file_ref idref="fl-2"/>
      </object_component>
      <object_component id="oc-17c">
         <name>.debug_line</name>
         <load_address>0x2b3</load_address>
         <run_address>0x2b3</run_address>
         <size>0x73</size>
         <input_file_ref idref="fl-2"/>
      </object_component>
      <object_component id="oc-164">
         <name>.debug_line</name>
         <load_address>0x326</load_address>
         <run_address>0x326</run_address>
         <size>0x6a</size>
         <input_file_ref idref="fl-2"/>
      </object_component>
      <object_component id="oc-23f">
         <name>.debug_line</name>
         <load_address>0x390</load_address>
         <run_address>0x390</run_address>
         <size>0x6b</size>
         <input_file_ref idref="fl-2"/>
      </object_component>
      <object_component id="oc-b6">
         <name>.debug_line</name>
         <load_address>0x3fb</load_address>
         <run_address>0x3fb</run_address>
         <size>0x35</size>
         <input_file_ref idref="fl-2"/>
      </object_component>
      <object_component id="oc-15a">
         <name>.debug_line</name>
         <load_address>0x430</load_address>
         <run_address>0x430</run_address>
         <size>0x35</size>
         <input_file_ref idref="fl-2"/>
      </object_component>
      <object_component id="oc-15f">
         <name>.debug_line</name>
         <load_address>0x465</load_address>
         <run_address>0x465</run_address>
         <size>0x30</size>
         <input_file_ref idref="fl-2"/>
      </object_component>
      <object_component id="oc-1f4">
         <name>.debug_line</name>
         <load_address>0x495</load_address>
         <run_address>0x495</run_address>
         <size>0x20</size>
         <input_file_ref idref="fl-3"/>
      </object_component>
      <object_component id="oc-ab">
         <name>.debug_line</name>
         <load_address>0x4b5</load_address>
         <run_address>0x4b5</run_address>
         <size>0xdf</size>
         <input_file_ref idref="fl-3"/>
      </object_component>
      <object_component id="oc-16d">
         <name>.debug_line</name>
         <load_address>0x594</load_address>
         <run_address>0x594</run_address>
         <size>0x30</size>
         <input_file_ref idref="fl-3"/>
      </object_component>
      <object_component id="oc-169">
         <name>.debug_line</name>
         <load_address>0x5c4</load_address>
         <run_address>0x5c4</run_address>
         <size>0x101</size>
         <input_file_ref idref="fl-4"/>
      </object_component>
      <object_component id="oc-154">
         <name>.debug_line</name>
         <load_address>0x6c5</load_address>
         <run_address>0x6c5</run_address>
         <size>0x35</size>
         <input_file_ref idref="fl-4"/>
      </object_component>
      <object_component id="oc-32">
         <name>.debug_line</name>
         <load_address>0x6fa</load_address>
         <run_address>0x6fa</run_address>
         <size>0x397</size>
         <input_file_ref idref="fl-4"/>
      </object_component>
      <object_component id="oc-12c">
         <name>.debug_line</name>
         <load_address>0xa91</load_address>
         <run_address>0xa91</run_address>
         <size>0x2e</size>
         <input_file_ref idref="fl-4"/>
      </object_component>
      <object_component id="oc-178">
         <name>.debug_line</name>
         <load_address>0xabf</load_address>
         <run_address>0xabf</run_address>
         <size>0x2e</size>
         <input_file_ref idref="fl-5"/>
      </object_component>
      <object_component id="oc-3e">
         <name>.debug_line</name>
         <load_address>0xaed</load_address>
         <run_address>0xaed</run_address>
         <size>0x120</size>
         <input_file_ref idref="fl-5"/>
      </object_component>
      <object_component id="oc-172">
         <name>.debug_line</name>
         <load_address>0xc0d</load_address>
         <run_address>0xc0d</run_address>
         <size>0x95</size>
         <input_file_ref idref="fl-7"/>
      </object_component>
      <object_component id="oc-f6">
         <name>.debug_line</name>
         <load_address>0xca2</load_address>
         <run_address>0xca2</run_address>
         <size>0x61</size>
         <input_file_ref idref="fl-7"/>
      </object_component>
      <object_component id="oc-131">
         <name>.debug_line</name>
         <load_address>0xd03</load_address>
         <run_address>0xd03</run_address>
         <size>0x38</size>
         <input_file_ref idref="fl-7"/>
      </object_component>
      <object_component id="oc-156">
         <name>.debug_line</name>
         <load_address>0xd3b</load_address>
         <run_address>0xd3b</run_address>
         <size>0xe2</size>
         <input_file_ref idref="fl-9"/>
      </object_component>
      <object_component id="oc-1dd">
         <name>.debug_line</name>
         <load_address>0xe1d</load_address>
         <run_address>0xe1d</run_address>
         <size>0x36</size>
         <input_file_ref idref="fl-9"/>
      </object_component>
      <object_component id="oc-1df">
         <name>.debug_line</name>
         <load_address>0xe53</load_address>
         <run_address>0xe53</run_address>
         <size>0x36</size>
         <input_file_ref idref="fl-9"/>
      </object_component>
      <object_component id="oc-1d9">
         <name>.debug_line</name>
         <load_address>0xe89</load_address>
         <run_address>0xe89</run_address>
         <size>0x36</size>
         <input_file_ref idref="fl-9"/>
      </object_component>
      <object_component id="oc-1db">
         <name>.debug_line</name>
         <load_address>0xebf</load_address>
         <run_address>0xebf</run_address>
         <size>0x36</size>
         <input_file_ref idref="fl-9"/>
      </object_component>
      <object_component id="oc-89">
         <name>.debug_line</name>
         <load_address>0xef5</load_address>
         <run_address>0xef5</run_address>
         <size>0x293</size>
         <input_file_ref idref="fl-9"/>
      </object_component>
      <object_component id="oc-174">
         <name>.debug_line</name>
         <load_address>0x1188</load_address>
         <run_address>0x1188</run_address>
         <size>0x96</size>
         <input_file_ref idref="fl-a"/>
      </object_component>
      <object_component id="oc-11b">
         <name>.debug_line</name>
         <load_address>0x121e</load_address>
         <run_address>0x121e</run_address>
         <size>0x98</size>
         <input_file_ref idref="fl-a"/>
      </object_component>
      <object_component id="oc-176">
         <name>.debug_line</name>
         <load_address>0x12b6</load_address>
         <run_address>0x12b6</run_address>
         <size>0x4b</size>
         <input_file_ref idref="fl-b"/>
      </object_component>
      <object_component id="oc-38">
         <name>.debug_line</name>
         <load_address>0x1301</load_address>
         <run_address>0x1301</run_address>
         <size>0xf7</size>
         <input_file_ref idref="fl-b"/>
      </object_component>
      <object_component id="oc-248">
         <name>.debug_line</name>
         <load_address>0x13f8</load_address>
         <run_address>0x13f8</run_address>
         <size>0x123</size>
         <input_file_ref idref="fl-c"/>
      </object_component>
      <object_component id="oc-242">
         <name>.debug_line</name>
         <load_address>0x151b</load_address>
         <run_address>0x151b</run_address>
         <size>0x34</size>
         <input_file_ref idref="fl-c"/>
      </object_component>
      <object_component id="oc-244">
         <name>.debug_line</name>
         <load_address>0x154f</load_address>
         <run_address>0x154f</run_address>
         <size>0x34</size>
[...]
         <value>0x265d</value>
         <object_component_ref idref="oc-39"/>
      </symbol>
      <symbol id="sm-14c">
         <name>writeCharToConsole</name>
         <value>0x2589</value>
         <object_component_ref idref="oc-39"/>
      </symbol>
      <symbol id="sm-14d">
         <name>InterruptMasterEnable</name>
         <value>0x2661</value>
         <object_component_ref idref="oc-39"/>
      </symbol>
      <symbol id="sm-14e">
         <name>UART0_IntEnable</name>
         <value>0x2649</value>
         <object_component_ref idref="oc-39"/>
      </symbol>
      <symbol id="sm-14f">
         <name>UART0_Init</name>
         <value>0x25c3</value>
         <object_component_ref idref="oc-39"/>
      </symbol>
      <symbol id="sm-150">
         <name>InterruptEnable</name>
         <value>0x2621</value>
         <object_component_ref idref="oc-39"/>
      </symbol>
      <symbol id="sm-151">
         <name>writeStringToConsole</name>
         <value>0x25a5</value>
         <object_component_ref idref="oc-39"/>
      </symbol>
      <symbol id="sm-16a">
         <name>main</name>
         <value>0x33dd</value>
         <object_component_ref idref="oc-f2"/>
      </symbol>
      <symbol id="sm-1cf">
         <name>blockedQueue</name>
         <value>0x20000258</value>
      </symbol>
      <symbol id="sm-1d0">
         <name>decrementPriority</name>
         <value>0x1c89</value>
         <object_component_ref idref="oc-84"/>
      </symbol>
      <symbol id="sm-1d1">
         <name>newPriorityQueue</name>
         <value>0x1dab</value>
         <object_component_ref idref="oc-84"/>
      </symbol>
      <symbol id="sm-1d2">
         <name>block</name>
         <value>0x1d47</value>
         <object_component_ref idref="oc-84"/>
      </symbol>
      <symbol id="sm-1d3">
         <name>initPriorityQueue</name>
         <value>0x1ab1</value>
         <object_component_ref idref="oc-84"/>
      </symbol>
      <symbol id="sm-1d4">
         <name>priority_IsValid</name>
         <value>0x1b33</value>
         <object_component_ref idref="oc-84"/>
      </symbol>
      <symbol id="sm-1d5">
         <name>pull_Process</name>
         <value>0x1c3d</value>
         <object_component_ref idref="oc-84"/>
      </symbol>
      <symbol id="sm-1d6">
         <name>idleWaiting</name>
         <value>0x19eb</value>
         <object_component_ref idref="oc-84"/>
      </symbol>
      <symbol id="sm-1d7">
         <name>removeProcess</name>
         <value>0x1cd9</value>
         <object_component_ref idref="oc-84"/>
      </symbol>
      <symbol id="sm-1d8">
         <name>addProcess</name>
         <value>0x1b53</value>
         <object_component_ref idref="oc-84"/>
      </symbol>
      <symbol id="sm-1d9">
         <name>nextProcess</name>
         <value>0x1c61</value>
         <object_component_ref idref="oc-84"/>
      </symbol>
      <symbol id="sm-1da">
         <name>initBlockedQueue</name>
         <value>0x1a93</value>
         <object_component_ref idref="oc-84"/>
      </symbol>
      <symbol id="sm-1db">
         <name>unblock</name>
         <value>0x1d85</value>
         <object_component_ref idref="oc-84"/>
      </symbol>
      <symbol id="sm-1dc">
         <name>wait</name>
         <value>0x19c9</value>
         <object_component_ref idref="oc-84"/>
      </symbol>
      <symbol id="sm-1dd">
         <name>setRunning</name>
         <value>0x1c2b</value>
         <object_component_ref idref="oc-84"/>
      </symbol>
      <symbol id="sm-1de">
         <name>push_Process</name>
         <value>0x1c4f</value>
         <object_component_ref idref="oc-84"/>
      </symbol>
      <symbol id="sm-1fb">
         <name>reg_proc</name>
         <value>0x2c9d</value>
         <object_component_ref idref="oc-116"/>
      </symbol>
      <symbol id="sm-213">
         <name>SysTickStart</name>
         <value>0x3601</value>
         <object_component_ref idref="oc-33"/>
      </symbol>
      <symbol id="sm-214">
         <name>SysTickStop</name>
         <value>0x360d</value>
         <object_component_ref idref="oc-33"/>
      </symbol>
      <symbol id="sm-215">
         <name>SysTickIntDisable</name>
         <value>0x3635</value>
         <object_component_ref idref="oc-33"/>
      </symbol>
      <symbol id="sm-216">
         <name>SysTickHandler</name>
         <value>0x3651</value>
         <object_component_ref idref="oc-33"/>
      </symbol>
      <symbol id="sm-217">
         <name>SysTickIntEnable</name>
         <value>0x3629</value>
         <object_component_ref idref="oc-33"/>
      </symbol>
      <symbol id="sm-218">
         <name>SysTick_init</name>
         <value>0x3645</value>
         <object_component_ref idref="oc-33"/>
      </symbol>
      <symbol id="sm-219">
         <name>IntMasterEnable</name>
         <value>0x3641</value>
         <object_component_ref idref="oc-33"/>
      </symbol>
      <symbol id="sm-21a">
         <name>SysTickPeriod</name>
         <value>0x3619</value>
         <object_component_ref idref="oc-33"/>
      </symbol>
      <symbol id="sm-2af">
         <name>cascadeNice</name>
         <value>0x1687</value>
         <object_component_ref idref="oc-18e"/>
      </symbol>
      <symbol id="sm-2b0">
         <name>testBind</name>
         <value>0x16a3</value>
         <object_component_ref idref="oc-18e"/>
      </symbol>
      <symbol id="sm-2b1">
         <name>sendAndWait</name>
         <value>0x16f9</value>
         <object_component_ref idref="oc-18e"/>
      </symbol>
      <symbol id="sm-2b2">
         <name>spamDisplayX</name>
         <value>0x1573</value>
         <object_component_ref idref="oc-18e"/>
      </symbol>
      <symbol id="sm-2b3">
         <name>t43</name>
         <value>0x1653</value>
         <object_component_ref idref="oc-18e"/>
      </symbol>
      <symbol id="sm-2b4">
         <name>t42</name>
         <value>0x1633</value>
         <object_component_ref idref="oc-18e"/>
      </symbol>
      <symbol id="sm-2b5">
         <name>t41</name>
         <value>0x15fb</value>
         <object_component_ref idref="oc-18e"/>
      </symbol>
      <symbol id="sm-2b6">
         <name>spamDisplay1</name>
         <value>0x14c7</value>
         <object_component_ref idref="oc-18e"/>
      </symbol>
      <symbol id="sm-2b7">
         <name>spamDisplay2</name>
         <value>0x14f1</value>
         <object_component_ref idref="oc-18e"/>
      </symbol>
      <symbol id="sm-2b8">
         <name>spamDisplay3</name>
         <value>0x1543</value>
         <object_component_ref idref="oc-18e"/>
      </symbol>
      <symbol id="sm-2b9">
         <name>spamDisplay_nice</name>
         <value>0x158f</value>
         <object_component_ref idref="oc-18e"/>
      </symbol>
      <symbol id="sm-2ba">
         <name>writeYtoConsole</name>
         <value>0x1379</value>
         <object_component_ref idref="oc-18e"/>
      </symbol>
      <symbol id="sm-2bb">
         <name>writeCtoConsole</name>
         <value>0x14a3</value>
         <object_component_ref idref="oc-18e"/>
      </symbol>
      <symbol id="sm-2bc">
         <name>writeAtoConsole</name>
         <value>0x142f</value>
         <object_component_ref idref="oc-18e"/>
      </symbol>
      <symbol id="sm-2bd">
         <name>demo_nice2</name>
         <value>0x17b7</value>
         <object_component_ref idref="oc-18e"/>
      </symbol>
      <symbol id="sm-2be">
         <name>demo_nice1</name>
         <value>0x174f</value>
         <object_component_ref idref="oc-18e"/>
      </symbol>
      <symbol id="sm-2bf">
         <name>writePID</name>
         <value>0x18c1</value>
         <object_component_ref idref="oc-18e"/>
      </symbol>
      <symbol id="sm-2c0">
         <name>testProcWrite</name>
         <value>0x18a7</value>
         <object_component_ref idref="oc-18e"/>
      </symbol>
      <symbol id="sm-2c1">
         <name>writeZtoConsole</name>
         <value>0x13bf</value>
         <object_component_ref idref="oc-18e"/>
      </symbol>
      <symbol id="sm-2c2">
         <name>writeXtoConsole</name>
         <value>0x132d</value>
         <object_component_ref idref="oc-18e"/>
      </symbol>
      <symbol id="sm-2c3">
         <name>writeBtoConsole</name>
         <value>0x1453</value>
         <object_component_ref idref="oc-18e"/>
      </symbol>
      <symbol id="sm-2c4">
         <name>receiveAndWrite</name>
         <value>0x16bd</value>
         <object_component_ref idref="oc-18e"/>
      </symbol>
      <symbol id="sm-2c5">
         <name>prioritySwitchTo2</name>
         <value>0x140b</value>
         <object_component_ref idref="oc-18e"/>
      </symbol>
      <symbol id="sm-2c6">
         <name>spamDisplayX_DIE</name>
         <value>0x15c7</value>
         <object_component_ref idref="oc-18e"/>
      </symbol>
      <symbol id="sm-2c7">
         <name>communications</name>
         <value>0x191b</value>
         <object_component_ref idref="oc-18e"/>
      </symbol>
      <symbol id="sm-2c8">
         <name>vt_100_proc</name>
         <value>0x1823</value>
         <object_component_ref idref="oc-18e"/>
      </symbol>
      <symbol id="sm-2e9">
         <name>ResetISR</name>
         <value>0x3a79</value>
         <object_component_ref idref="oc-27"/>
      </symbol>
      <symbol id="sm-2ea">
         <name>g_pfnVectors</name>
         <value>0x0</value>
         <object_component_ref idref="oc-f"/>
      </symbol>
      <symbol id="sm-311">
         <name>sprintf</name>
         <value>0x3889</value>
         <object_component_ref idref="oc-1f5"/>
      </symbol>
      <symbol id="sm-32c">
         <name>memcpy</name>
         <value>0x3123</value>
         <object_component_ref idref="oc-4d"/>
      </symbol>
      <symbol id="sm-32d">
         <name>__aeabi_memcpy</name>
         <value>0x3123</value>
         <object_component_ref idref="oc-4d"/>
      </symbol>
      <symbol id="sm-32e">
         <name>__aeabi_memcpy8</name>
         <value>0x3123</value>
         <object_component_ref idref="oc-4d"/>
      </symbol>
      <symbol id="sm-32f">
         <name>__aeabi_memcpy4</name>
         <value>0x3123</value>
         <object_component_ref idref="oc-4d"/>
      </symbol>
      <symbol id="sm-348">
         <name>__TI_zero_init_nomemset</name>
         <value>0x3995</value>
         <object_component_ref idref="oc-59"/>
      </symbol>
      <symbol id="sm-35f">
         <name>__TI_decompress_none</name>
         <value>0x3a6b</value>
         <object_component_ref idref="oc-18"/>
      </symbol>
      <symbol id="sm-382">
         <name>__TI_decompress_lzss</name>
         <value>0x3533</value>
         <object_component_ref idref="oc-12"/>
      </symbol>
      <symbol id="sm-420">
         <name>_sys_memory</name>
         <value>0x20000288</value>
         <object_component_ref idref="oc-21"/>
      </symbol>
      <symbol id="sm-421">
         <name>free</name>
         <value>0x2f8d</value>
         <object_component_ref idref="oc-96"/>
      </symbol>
      <symbol id="sm-422">
         <name>realloc</name>
         <value>0x2ea5</value>
         <object_component_ref idref="oc-8a"/>
      </symbol>
      <symbol id="sm-423">
         <name>memalign</name>
         <value>0x2a75</value>
         <object_component_ref idref="oc-14c"/>
      </symbol>
      <symbol id="sm-424">
         <name>malloc</name>
         <value>0x3a99</value>
         <object_component_ref idref="oc-9c"/>
      </symbol>
      <symbol id="sm-425">
         <name>aligned_alloc</name>
         <value>0x2a75</value>
         <object_component_ref idref="oc-14c"/>
      </symbol>
      <symbol id="sm-433">
         <name>strcpy</name>
         <value>0x3a31</value>
         <object_component_ref idref="oc-90"/>
      </symbol>
      <symbol id="sm-446">
         <name>__stack</name>
         <value>0x20000000</value>
         <object_component_ref idref="oc-24"/>
      </symbol>
      <symbol id="sm-447">
         <name>_c_int00_noargs</name>
         <value>0x3909</value>
         <object_component_ref idref="oc-6b"/>
      </symbol>
      <symbol id="sm-5ac">
         <name>__TI_printfi</name>
         <value>0x209</value>
         <object_component_ref idref="oc-228"/>
      </symbol>
      <symbol id="sm-5c3">
         <name>__aeabi_dsub</name>
         <value>0x23d1</value>
         <object_component_ref idref="oc-2ea"/>
      </symbol>
      <symbol id="sm-5c4">
         <name>__aeabi_dadd</name>
         <value>0x23db</value>
         <object_component_ref idref="oc-2ea"/>
      </symbol>
      <symbol id="sm-5e6">
         <name>__aeabi_cdcmpeq</name>
         <value>0x3255</value>
         <object_component_ref idref="oc-272"/>
      </symbol>
      <symbol id="sm-5e7">
         <name>__aeabi_cdcmple</name>
         <value>0x3255</value>
         <object_component_ref idref="oc-272"/>
      </symbol>
      <symbol id="sm-5e8">
         <name>__aeabi_cdrcmple</name>
         <value>0x32db</value>
         <object_component_ref idref="oc-2d5"/>
      </symbol>
      <symbol id="sm-5fc">
         <name>__aeabi_ddiv</name>
         <value>0x2819</value>
         <object_component_ref idref="oc-2d0"/>
      </symbol>
      <symbol id="sm-607">
         <name>__aeabi_dmul</name>
         <value>0x2da9</value>
         <object_component_ref idref="oc-2cb"/>
      </symbol>
      <symbol id="sm-611">
         <name>__aeabi_d2iz</name>
         <value>0x37fd</value>
         <object_component_ref idref="oc-2da"/>
      </symbol>
      <symbol id="sm-61b">
         <name>__aeabi_i2d</name>
         <value>0x393d</value>
         <object_component_ref idref="oc-2e5"/>
      </symbol>
      <symbol id="sm-628">
         <name>__aeabi_uldivmod</name>
         <value>0x31bf</value>
         <object_component_ref idref="oc-2c4"/>
      </symbol>
      <symbol id="sm-637">
         <name>__aeabi_memset</name>
         <value>0x3363</value>
         <object_component_ref idref="oc-e6"/>
      </symbol>
      <symbol id="sm-638">
         <name>memset</name>
         <value>0x3369</value>
         <object_component_ref idref="oc-e6"/>
      </symbol>
      <symbol id="sm-639">
         <name>__aeabi_memset8</name>
         <value>0x3363</value>
         <object_component_ref idref="oc-e6"/>
      </symbol>
      <symbol id="sm-63a">
         <name>__aeabi_memset4</name>
         <value>0x3363</value>
         <object_component_ref idref="oc-e6"/>
      </symbol>
      <symbol id="sm-63b">
         <name>__aeabi_memclr8</name>
         <value>0x3361</value>
         <object_component_ref idref="oc-e6"/>
      </symbol>
      <symbol id="sm-63c">
         <name>__aeabi_memclr4</name>
         <value>0x3361</value>
         <object_component_ref idref="oc-e6"/>
      </symbol>
      <symbol id="sm-63d">
         <name>__aeabi_memclr</name>
         <value>0x3361</value>
         <object_component_ref idref="oc-e6"/>
      </symbol>
      <symbol id="sm-665">
         <name>__TI_auto_init_nobinit_nopinit</name>
         <value>0x3845</value>
         <object_component_ref idref="oc-1a1"/>
      </symbol>
      <symbol id="sm-66f">
         <name>_system_pre_init</name>
         <value>0x3aa1</value>
         <object_component_ref idref="oc-ec"/>
      </symbol>
      <symbol id="sm-67b">
         <name>C$$EXIT</name>
         <value>0x3aa5</value>
         <object_component_ref idref="oc-195"/>
      </symbol>
      <symbol id="sm-67c">
         <name>abort</name>
         <value>0x3aa5</value>
         <object_component_ref idref="oc-195"/>
      </symbol>
      <symbol id="sm-691">
         <name>_nop</name>
         <value>0xc57</value>
         <object_component_ref idref="oc-1e5"/>
      </symbol>
      <symbol id="sm-692">
         <name>_lock</name>
         <value>0x20000264</value>
         <object_component_ref idref="oc-13f"/>
      </symbol>
      <symbol id="sm-693">
         <name>_unlock</name>
         <value>0x20000268</value>
         <object_component_ref idref="oc-13f"/>
      </symbol>
      <symbol id="sm-6aa">
         <name>atoi</name>
         <value>0x37b1</value>
         <object_component_ref idref="oc-266"/>
      </symbol>
      <symbol id="sm-6b5">
         <name>_ctypes_</name>
         <value>0x3aa8</value>
         <object_component_ref idref="oc-2bf"/>
      </symbol>
      <symbol id="sm-6c4">
         <name>ltoa</name>
         <value>0x370b</value>
         <object_component_ref idref="oc-2df"/>
      </symbol>
      <symbol id="sm-6d4">
         <name>memccpy</name>
         <value>0x39cd</value>
         <object_component_ref idref="oc-28f"/>
      </symbol>
      <symbol id="sm-6e4">
         <name>strchr</name>
         <value>0x3a1b</value>
         <object_component_ref idref="oc-316"/>
      </symbol>
      <symbol id="sm-6f2">
         <name>strlen</name>
         <value>0x3a45</value>
         <object_component_ref idref="oc-260"/>
      </symbol>
      <symbol id="sm-708">
         <name>__aeabi_errno_addr</name>
         <value>0x3a91</value>
         <object_component_ref idref="oc-29b"/>
      </symbol>
      <symbol id="sm-709">
         <name>errno</name>
         <value>0x2000027c</value>
         <object_component_ref idref="oc-326"/>
      </symbol>
      <symbol id="sm-722">
         <name>wcslen</name>
         <value>0x3a59</value>
         <object_component_ref idref="oc-295"/>
      </symbol>
      <symbol id="sm-742">
         <name>frexpl</name>
         <value>0x359d</value>
         <object_component_ref idref="oc-30a"/>
      </symbol>
      <symbol id="sm-743">
         <name>frexp</name>
         <value>0x359d</value>
         <object_component_ref idref="oc-30a"/>
      </symbol>
      <symbol id="sm-760">
         <name>scalbn</name>
         <value>0x2b8d</value>
         <object_component_ref idref="oc-310"/>
      </symbol>
      <symbol id="sm-761">
         <name>scalbnl</name>
         <value>0x2b8d</value>
         <object_component_ref idref="oc-310"/>
      </symbol>
      <symbol id="sm-762">
         <name>ldexpl</name>
         <value>0x2b8d</value>
         <object_component_ref idref="oc-310"/>
      </symbol>
      <symbol id="sm-763">
         <name>ldexp</name>
         <value>0x2b8d</value>
         <object_component_ref idref="oc-310"/>
      </symbol>
      <symbol id="sm-76d">
         <name>__aeabi_idiv0</name>
         <value>0x2587</value>
         <object_component_ref idref="oc-343"/>
      </symbol>
      <symbol id="sm-76e">
         <name>__aeabi_ldiv0</name>
         <value>0x2587</value>
         <object_component_ref idref="oc-343"/>
      </symbol>
      <symbol id="sm-778">
         <name>copysign</name>
         <value>0x39e9</value>
         <object_component_ref idref="oc-35c"/>
      </symbol>
      <symbol id="sm-779">
         <name>copysignl</name>
         <value>0x39e9</value>
         <object_component_ref idref="oc-35c"/>
      </symbol>
      <symbol id="sm-77a">
         <name>__TI_static_base__</name>
         <value>0x0</value>
      </symbol>
      <symbol id="sm-77d">
         <name>__mpu_init</name>
         <value>0x0</value>
      </symbol>
      <symbol id="sm-77e">
         <name>_system_post_cinit</name>
         <value>0x0</value>
      </symbol>
   </symbol_table>
   <title>Link successful</title>
</link_info>
