******************************************************************************
                  TI ARM Linker PC v18.12.4                    
******************************************************************************
>> Linked Tue Dec  3 19:39:27 2019

OUTPUT FILE NAME:   <rts_trainset.out>
ENTRY POINT SYMBOL: "_c_int00_noargs"  address: 00003909


MEMORY CONFIGURATION

         name            origin    length      used     unused   attr    fill
----------------------  --------  ---------  --------  --------  ----  --------
  FLASH                 00000000   00100000  00003c0a  000fc3f6  R  X
  SRAM                  20000000   00040000  00000291  0003fd6f  RW X


SEGMENT ALLOCATION MAP

run origin  load origin   length   init length attrs members
----------  ----------- ---------- ----------- ----- -------
00000000    00000000    00003c10   00003c10    r-x
  00000000    00000000    00000208   00000208    r-- .intvecs
  00000208    00000208    000038a0   000038a0    r-x .text
  00003aa8    00003aa8    0000012a   0000012a    r-- .const
  00003bd8    00003bd8    00000038   00000038    r-- .cinit
20000000    20000000    00000298   00000000    rw-
  20000000    20000000    00000200   00000000    rw- .stack
  20000200    20000200    00000063   00000000    rw- .bss
  20000264    20000264    0000001e   00000000    rw- .data
  20000288    20000288    00000010   00000000    rw- .sysmem


SECTION ALLOCATION MAP

 output                                  attributes/
section   page    origin      length       input sections
--------  ----  ----------  ----------   ----------------
.intvecs   0    00000000    00000208     
                  00000000    00000208     tm4c1294ncpdt_startup_ccs.obj (.intvecs)

.text      0    00000208    000038a0     
                  00000208    00000a4e     rtsv7M4_T_le_v4SPD16_eabi.lib : _printfi.c.obj (.text:__TI_printfi)
                  00000c56    00000002                                   : _lock.c.obj (.text:_nop)
                  00000c58    000006d4     ServiceCalls.obj (.text)
                  0000132c    0000069c     testProcess.obj (.text)
                  000019c8    00000400     priorityQueue.obj (.text)
                  00001dc8    00000270     rtsv7M4_T_le_v4SPD16_eabi.lib : _printfi.c.obj (.text:_pconv_a)
                  00002038    000001d0                                   : _printfi.c.obj (.text:_pconv_g)
                  00002208    000001c8     Kernel_Calls.obj (.text)
                  000023d0    000001b6     rtsv7M4_T_le_v4SPD16_eabi.lib : fd_add_t2.asm.obj (.text)
                  00002586    00000002                                   : div0.asm.obj (.text)
                  00002588    00000154     UART0.obj (.text)
                  000026dc    0000013c     rtsv7M4_T_le_v4SPD16_eabi.lib : _printfi.c.obj (.text:_pconv_e)
                  00002818    00000136                                   : fd_div_t2.asm.obj (.text)
                  0000294e    00000002     --HOLE-- [fill = 0]
                  00002950    00000124                                   : _printfi.c.obj (.text:fcvt)
                  00002a74    00000118                                   : memory.c.obj (.text:aligned_alloc)
                  00002b8c    00000110                                   : s_scalbn.c.obj (.text:scalbn)
                  00002c9c    0000010c     registerProcess.obj (.text)
                  00002da8    000000fc     rtsv7M4_T_le_v4SPD16_eabi.lib : fd_mul_t2.asm.obj (.text)
                  00002ea4    000000e8                                   : memory.c.obj (.text:realloc)
                  00002f8c    000000e4                                   : memory.c.obj (.text:free)
                  00003070    000000b1                                   : _printfi.c.obj (.text:_ltostr)
                  00003121    00000001     --HOLE-- [fill = 0]
                  00003122    0000009c                                   : memcpy_t2.asm.obj (.text)
                  000031be    00000096                                   : ull_div_t2.asm.obj (.text)
                  00003254    00000086                                   : fd_cmp_t2.asm.obj (.text:__aeabi_cdcmple)
                  000032da    00000086                                   : fd_cmp_t2.asm.obj (.text:__aeabi_cdrcmple)
                  00003360    0000007a                                   : memset_t2.asm.obj (.text)
                  000033da    00000002     --HOLE-- [fill = 0]
                  000033dc    00000078     main.obj (.text)
                  00003454    00000070     rtsv7M4_T_le_v4SPD16_eabi.lib : memory.c.obj (.text:split)
                  000034c4    0000006e                                   : _printfi.c.obj (.text:_mcpy)
                  00003532    00000068                                   : copy_decompress_lzss.c.obj (.text:decompress:lzss:__TI_decompress_lzss)
                  0000359a    00000002     --HOLE-- [fill = 0]
                  0000359c    00000064                                   : s_frexp.c.obj (.text:frexp)
                  00003600    00000060     sysTick.obj (.text)
                  00003660    00000056     rtsv7M4_T_le_v4SPD16_eabi.lib : _printfi.c.obj (.text:_pconv_f)
                  000036b6    00000054     Process.obj (.text)
                  0000370a    00000054     rtsv7M4_T_le_v4SPD16_eabi.lib : ltoa.c.obj (.text:ltoa)
                  0000375e    00000052                                   : _printfi.c.obj (.text:_ecpy)
                  000037b0    0000004c                                   : atoi.c.obj (.text:atoi)
                  000037fc    00000048                                   : fd_toi_t2.asm.obj (.text)
                  00003844    00000044                                   : autoinit.c.obj (.text:__TI_auto_init_nobinit_nopinit:__TI_auto_init_nobinit_nopinit)
                  00003888    00000040                                   : sprintf.c.obj (.text:sprintf)
                  000038c8    0000003e                                   : _printfi.c.obj (.text:_fcpy)
                  00003906    00000002     --HOLE-- [fill = 0]
                  00003908    00000034                                   : boot_cortex_m.c.obj (.text:_c_int00_noargs:_c_int00_noargs)
                  0000393c    0000002e                                   : i_tofd_t2.asm.obj (.text)
                  0000396a    00000002     --HOLE-- [fill = 0]
                  0000396c    00000028                                   : memory.c.obj (.text:free_list_insert)
                  00003994    0000001c                                   : copy_zero_init.c.obj (.text:decompress:ZI:__TI_zero_init_nomemset:__TI_zero_init_nomemset)
                  000039b0    0000001c                                   : memory.c.obj (.text:free_list_remove)
                  000039cc    0000001c                                   : memccpy.c.obj (.text:memccpy)
                  000039e8    0000001a                                   : s_copysign.c.obj (.text:copysign)
                  00003a02    00000018                                   : sprintf.c.obj (.text:_outs)
                  00003a1a    00000016                                   : strchr.c.obj (.text:strchr)
                  00003a30    00000014                                   : strcpy.c.obj (.text:strcpy)
                  00003a44    00000014                                   : strlen.c.obj (.text:strlen)
                  00003a58    00000012                                   : wcslen.c.obj (.text:wcslen)
                  00003a6a    0000000e                                   : copy_decompress_none.c.obj (.text:decompress:none:__TI_decompress_none)
                  00003a78    0000000c     tm4c1294ncpdt_startup_ccs.obj (.text)
                  00003a84    0000000a     rtsv7M4_T_le_v4SPD16_eabi.lib : sprintf.c.obj (.text:_outc)
                  00003a8e    00000002     --HOLE-- [fill = 0]
                  00003a90    00000008                                   : errno.c.obj (.text:__aeabi_errno_addr)
                  00003a98    00000008                                   : memory.c.obj (.text:malloc)
                  00003aa0    00000004                                   : pre_init.c.obj (.text:_system_pre_init)
                  00003aa4    00000004                                   : exit.c.obj (.text:abort:abort)

.const     0    00003aa8    0000012a     
                  00003aa8    00000101     rtsv7M4_T_le_v4SPD16_eabi.lib : ctype.c.obj (.const:.string:_ctypes_)
                  00003ba9    00000009     testProcess.obj (.const:$P$T0$1)
                  00003bb2    00000009     priorityQueue.obj (.const:$P$T1$2)
                  00003bbb    00000009     testProcess.obj (.const:$P$T1$2)
                  00003bc4    00000009     testProcess.obj (.const:$P$T2$3)
                  00003bcd    00000005     priorityQueue.obj (.const:.string:$P$T0$1)

.cinit     0    00003bd8    00000038     
                  00003bd8    00000012     (.cinit..data.load) [load image, compression = lzss]
                  00003bea    00000002     --HOLE-- [fill = 0]
                  00003bec    0000000c     (__TI_handler_table)
                  00003bf8    00000008     (.cinit..bss.load) [load image, compression = zero_init]
                  00003c00    00000010     (__TI_cinit_table)

.init_array 
*          0    00000000    00000000     UNINITIALIZED

.stack     0    20000000    00000200     UNINITIALIZED
                  20000000    00000004     rtsv7M4_T_le_v4SPD16_eabi.lib : boot_cortex_m.c.obj (.stack)
                  20000004    000001fc     --HOLE--

.bss       0    20000200    00000063     UNINITIALIZED
                  20000200    00000040     ServiceCalls.obj (.bss:mailbox_list)
                  20000240    00000014     priorityQueue.obj (.bss:priorityQueue)
                  20000254    00000004     Kernel_Calls.obj (.bss)
                  20000258    00000004     (.common:blockedQueue)
                  2000025c    00000004     (.common:running)
                  20000260    00000002     priorityQueue.obj (.bss)
                  20000262    00000001     (.common:UART_INPUT)

.data      0    20000264    0000001e     UNINITIALIZED
                  20000264    00000008     rtsv7M4_T_le_v4SPD16_eabi.lib : _lock.c.obj (.data:$O1$$)
                  2000026c    00000008                                   : memory.c.obj (.data:$O1$$)
                  20000274    00000004     ServiceCalls.obj (.data)
                  20000278    00000004     registerProcess.obj (.data)
                  2000027c    00000004     rtsv7M4_T_le_v4SPD16_eabi.lib : errno.c.obj (.data)
                  20000280    00000002     Kernel_Calls.obj (.data)

.sysmem    0    20000288    00000010     UNINITIALIZED
                  20000288    00000010     rtsv7M4_T_le_v4SPD16_eabi.lib : memory.c.obj (.sysmem)

MODULE SUMMARY

       Module                          code    ro data   rw data
       ------                          ----    -------   -------
    .\
       ServiceCalls.obj                1748    0         72     
       testProcess.obj                 1692    27        0      
       priorityQueue.obj               1024    14        26     
       tm4c1294ncpdt_startup_ccs.obj   12      520       0      
       Kernel_Calls.obj                456     0         7      
       UART0.obj                       340     0         0      
       registerProcess.obj             268     0         4      
       main.obj                        120     0         0      
       sysTick.obj                     96      0         0      
       Process.obj                     84      0         0      
    +--+-------------------------------+-------+---------+---------+
       Total:                          5840    561       109    
                                                                
    C:\ti\ccs920\ccs\tools\compiler\ti-cgt-arm_18.12.4.LTS\lib\rtsv7M4_T_le_v4SPD16_eabi.lib
       _printfi.c.obj                  4851    0         0      
       memory.c.obj                    928     0         8      
       fd_add_t2.asm.obj               438     0         0      
       fd_div_t2.asm.obj               310     0         0      
       s_scalbn.c.obj                  272     0         0      
       fd_cmp_t2.asm.obj               268     0         0      
       ctype.c.obj                     0       257       0      
       fd_mul_t2.asm.obj               252     0         0      
       memcpy_t2.asm.obj               156     0         0      
       ull_div_t2.asm.obj              150     0         0      
       memset_t2.asm.obj               122     0         0      
       copy_decompress_lzss.c.obj      104     0         0      
       s_frexp.c.obj                   100     0         0      
       sprintf.c.obj                   98      0         0      
       ltoa.c.obj                      84      0         0      
       atoi.c.obj                      76      0         0      
       fd_toi_t2.asm.obj               72      0         0      
       autoinit.c.obj                  68      0         0      
       boot_cortex_m.c.obj             52      0         0      
       i_tofd_t2.asm.obj               46      0         0      
       copy_zero_init.c.obj            28      0         0      
       memccpy.c.obj                   28      0         0      
       s_copysign.c.obj                26      0         0      
       strchr.c.obj                    22      0         0      
       strcpy.c.obj                    20      0         0      
       strlen.c.obj                    20      0         0      
       wcslen.c.obj                    18      0         0      
       copy_decompress_none.c.obj      14      0         0      
       errno.c.obj                     8       0         4      
       _lock.c.obj                     2       0         8      
       exit.c.obj                      4       0         0      
       pre_init.c.obj                  4       0         0      
       div0.asm.obj                    2       0         0      
    +--+-------------------------------+-------+---------+---------+
       Total:                          8643    257       20     
                                                                
       Heap:                           0       0         16     
       Stack:                          0       0         512    
       Linker Generated:               0       54        0      
    +--+-------------------------------+-------+---------+---------+
       Grand Total:                    14483   872       657    


LINKER GENERATED COPY TABLES

__TI_cinit_table @ 00003c00 records: 2, size/record: 8, table size: 16
	.data: load addr=00003bd8, load size=00000012 bytes, run addr=20000264, run size=0000001e bytes, compression=lzss
	.bss: load addr=00003bf8, load size=00000008 bytes, run addr=20000200, run size=00000063 bytes, compression=zero_init


LINKER GENERATED HANDLER TABLE

__TI_handler_table @ 00003bec records: 3, size/record: 4, table size: 12
	index: 0, handler: __TI_decompress_lzss
	index: 1, handler: __TI_decompress_none
	index: 2, handler: __TI_zero_init


GLOBAL SYMBOLS: SORTED ALPHABETICALLY BY Name 

address   name                          
-------   ----                          
00003aa5  C$$EXIT                       
00003641  IntMasterEnable               
00002621  InterruptEnable               
0000265d  InterruptMasterDisable        
00002661  InterruptMasterEnable         
00000c65  PendSV_Handler                
00003a79  ResetISR                      
000011f5  SVCHandler                    
000011b7  SVCall                        
00003651  SysTickHandler                
00003635  SysTickIntDisable             
00003629  SysTickIntEnable              
00003619  SysTickPeriod                 
00003601  SysTickStart                  
0000360d  SysTickStop                   
00003645  SysTick_init                  
000025c3  UART0_Init                    
00002649  UART0_IntEnable               
00002665  UART0_IntHandler              
20000262  UART_INPUT                    
20000200  __STACK_END                   
00000200  __STACK_SIZE                  
20000200  __STACK_TOP                   
00000010  __SYSMEM_SIZE                 
00003c00  __TI_CINIT_Base               
00003c10  __TI_CINIT_Limit              
00003bec  __TI_Handler_Table_Base       
00003bf8  __TI_Handler_Table_Limit      
00003845  __TI_auto_init_nobinit_nopinit
00003533  __TI_decompress_lzss          
00003a6b  __TI_decompress_none          
ffffffff  __TI_pprof_out_hndl           
00000209  __TI_printfi                  
ffffffff  __TI_prof_data_size           
ffffffff  __TI_prof_data_start          
00000000  __TI_static_base__            
00003995  __TI_zero_init_nomemset       
00003255  __aeabi_cdcmpeq               
00003255  __aeabi_cdcmple               
000032db  __aeabi_cdrcmple              
000037fd  __aeabi_d2iz                  
000023db  __aeabi_dadd                  
00002819  __aeabi_ddiv                  
00002da9  __aeabi_dmul                  
000023d1  __aeabi_dsub                  
00003a91  __aeabi_errno_addr            
0000393d  __aeabi_i2d                   
00002587  __aeabi_idiv0                 
00002587  __aeabi_ldiv0                 
00003361  __aeabi_memclr                
00003361  __aeabi_memclr4               
00003361  __aeabi_memclr8               
00003123  __aeabi_memcpy                
00003123  __aeabi_memcpy4               
00003123  __aeabi_memcpy8               
00003363  __aeabi_memset                
00003363  __aeabi_memset4               
00003363  __aeabi_memset8               
000031bf  __aeabi_uldivmod              
ffffffff  __binit__                     
ffffffff  __c_args__                    
UNDEFED   __mpu_init                    
20000000  __stack                       
00003909  _c_int00_noargs               
00003aa8  _ctypes_                      
20000264  _lock                         
00000c57  _nop                          
20000288  _sys_memory                   
UNDEFED   _system_post_cinit            
00003aa1  _system_pre_init              
20000268  _unlock                       
00003aa5  abort                         
00001b53  addProcess                    
00002a75  aligned_alloc                 
000037b1  atoi                          
00002289  bind                          
ffffffff  binit                         
00001d47  block                         
20000258  blockedQueue                  
00001687  cascadeNice                   
00000dab  checkBlockedProcesses         
0000191b  communications                
00000c71  copyLetter                    
000039e9  copysign                      
000039e9  copysignl                     
00001c89  decrementPriority             
0000174f  demo_nice1                    
000017b7  demo_nice2                    
2000027c  errno                         
00002f8d  free                          
0000359d  frexp                         
0000359d  frexpl                        
00000000  g_pfnVectors                  
000036c1  get_MSP                       
000036b7  get_PSP                       
00003703  get_SP                        
00002215  get_pid                       
000019eb  idleWaiting                   
00001a93  initBlockedQueue              
00000ce7  initMailBoxList               
00001ab1  initPriorityQueue             
00000c59  init_PendSVPriority           
00000d6f  is_LetterReceiver             
00000e11  is_MailboxOwner               
00000e33  k_bind                        
000010a9  k_recv                        
00000f69  k_send                        
00000ed5  k_unbind                      
00002b8d  ldexp                         
00002b8d  ldexpl                        
0000370b  ltoa                          
00000df1  mailbox_isValid               
000033dd  main                          
00003a99  malloc                        
00002a75  memalign                      
000039cd  memccpy                       
00003123  memcpy                        
00003369  memset                        
00001dab  newPriorityQueue              
00001c61  nextProcess                   
0000224b  nice                          
0000140b  prioritySwitchTo2             
00001b33  priority_IsValid              
00001c3d  pull_Process                  
00001c4f  push_Process                  
00002ea5  realloc                       
000016bd  receiveAndWrite               
0000236d  recv                          
00002c9d  reg_proc                      
00000cad  removeLetter                  
00001cd9  removeProcess                 
000036f5  restore_registers             
2000025c  running                       
000036e7  save_registers                
00002b8d  scalbn                        
00002b8d  scalbnl                       
00001063  searchLetters                 
000022eb  send                          
000016f9  sendAndWait                   
00001c2b  setRunning                    
000036d9  set_MSP                       
000036cb  set_PSP                       
00002209  set_Register7                 
000014c7  spamDisplay1                  
000014f1  spamDisplay2                  
00001543  spamDisplay3                  
00001573  spamDisplayX                  
000015c7  spamDisplayX_DIE              
0000158f  spamDisplay_nice              
00003889  sprintf                       
00003a1b  strchr                        
00003a31  strcpy                        
00003a45  strlen                        
000015fb  t41                           
00001633  t42                           
00001653  t43                           
0000222f  terminate_self                
000016a3  testBind                      
000018a7  testProcWrite                 
000022b9  unbind                        
00001d85  unblock                       
00001823  vt_100_proc                   
000019c9  wait                          
00003a59  wcslen                        
0000142f  writeAtoConsole               
00001453  writeBtoConsole               
00002589  writeCharToConsole            
000014a3  writeCtoConsole               
000018c1  writePID                      
000025a5  writeStringToConsole          
0000132d  writeXtoConsole               
00001379  writeYtoConsole               
000013bf  writeZtoConsole               


GLOBAL SYMBOLS: SORTED BY Symbol Address 

address   name                          
-------   ----                          
00000000  __TI_static_base__            
00000000  g_pfnVectors                  
00000010  __SYSMEM_SIZE                 
00000200  __STACK_SIZE                  
00000209  __TI_printfi                  
00000c57  _nop                          
00000c59  init_PendSVPriority           
00000c65  PendSV_Handler                
00000c71  copyLetter                    
00000cad  removeLetter                  
00000ce7  initMailBoxList               
00000d6f  is_LetterReceiver             
00000dab  checkBlockedProcesses         
00000df1  mailbox_isValid               
00000e11  is_MailboxOwner               
00000e33  k_bind                        
00000ed5  k_unbind                      
00000f69  k_send                        
00001063  searchLetters                 
000010a9  k_recv                        
000011b7  SVCall                        
000011f5  SVCHandler                    
0000132d  writeXtoConsole               
00001379  writeYtoConsole               
000013bf  writeZtoConsole               
0000140b  prioritySwitchTo2             
0000142f  writeAtoConsole               
00001453  writeBtoConsole               
000014a3  writeCtoConsole               
000014c7  spamDisplay1                  
000014f1  spamDisplay2                  
00001543  spamDisplay3                  
00001573  spamDisplayX                  
0000158f  spamDisplay_nice              
000015c7  spamDisplayX_DIE              
000015fb  t41                           
00001633  t42                           
00001653  t43                           
00001687  cascadeNice                   
000016a3  testBind                      
000016bd  receiveAndWrite               
000016f9  sendAndWait                   
0000174f  demo_nice1                    
000017b7  demo_nice2                    
00001823  vt_100_proc                   
000018a7  testProcWrite                 
000018c1  writePID                      
0000191b  communications                
000019c9  wait                          
000019eb  idleWaiting                   
00001a93  initBlockedQueue              
00001ab1  initPriorityQueue             
00001b33  priority_IsValid              
00001b53  addProcess                    
00001c2b  setRunning                    
00001c3d  pull_Process                  
00001c4f  push_Process                  
00001c61  nextProcess                   
00001c89  decrementPriority             
00001cd9  removeProcess                 
00001d47  block                         
00001d85  unblock                       
00001dab  newPriorityQueue              
00002209  set_Register7                 
00002215  get_pid                       
0000222f  terminate_self                
0000224b  nice                          
00002289  bind                          
000022b9  unbind                        
000022eb  send                          
0000236d  recv                          
000023d1  __aeabi_dsub                  
000023db  __aeabi_dadd                  
00002587  __aeabi_idiv0                 
00002587  __aeabi_ldiv0                 
00002589  writeCharToConsole            
000025a5  writeStringToConsole          
000025c3  UART0_Init                    
00002621  InterruptEnable               
00002649  UART0_IntEnable               
0000265d  InterruptMasterDisable        
00002661  InterruptMasterEnable         
00002665  UART0_IntHandler              
00002819  __aeabi_ddiv                  
00002a75  aligned_alloc                 
00002a75  memalign                      
00002b8d  ldexp                         
00002b8d  ldexpl                        
00002b8d  scalbn                        
00002b8d  scalbnl                       
00002c9d  reg_proc                      
00002da9  __aeabi_dmul                  
00002ea5  realloc                       
00002f8d  free                          
00003123  __aeabi_memcpy                
00003123  __aeabi_memcpy4               
00003123  __aeabi_memcpy8               
00003123  memcpy                        
000031bf  __aeabi_uldivmod              
00003255  __aeabi_cdcmpeq               
00003255  __aeabi_cdcmple               
000032db  __aeabi_cdrcmple              
00003361  __aeabi_memclr                
00003361  __aeabi_memclr4               
00003361  __aeabi_memclr8               
00003363  __aeabi_memset                
00003363  __aeabi_memset4               
00003363  __aeabi_memset8               
00003369  memset                        
000033dd  main                          
00003533  __TI_decompress_lzss          
0000359d  frexp                         
0000359d  frexpl                        
00003601  SysTickStart                  
0000360d  SysTickStop                   
00003619  SysTickPeriod                 
00003629  SysTickIntEnable              
00003635  SysTickIntDisable             
00003641  IntMasterEnable               
00003645  SysTick_init                  
00003651  SysTickHandler                
000036b7  get_PSP                       
000036c1  get_MSP                       
000036cb  set_PSP                       
000036d9  set_MSP                       
000036e7  save_registers                
000036f5  restore_registers             
00003703  get_SP                        
0000370b  ltoa                          
000037b1  atoi                          
000037fd  __aeabi_d2iz                  
00003845  __TI_auto_init_nobinit_nopinit
00003889  sprintf                       
00003909  _c_int00_noargs               
0000393d  __aeabi_i2d                   
00003995  __TI_zero_init_nomemset       
000039cd  memccpy                       
000039e9  copysign                      
000039e9  copysignl                     
00003a1b  strchr                        
00003a31  strcpy                        
00003a45  strlen                        
00003a59  wcslen                        
00003a6b  __TI_decompress_none          
00003a79  ResetISR                      
00003a91  __aeabi_errno_addr            
00003a99  malloc                        
00003aa1  _system_pre_init              
00003aa5  C$$EXIT                       
00003aa5  abort                         
00003aa8  _ctypes_                      
00003bec  __TI_Handler_Table_Base       
00003bf8  __TI_Handler_Table_Limit      
00003c00  __TI_CINIT_Base               
00003c10  __TI_CINIT_Limit              
20000000  __stack                       
20000200  __STACK_END                   
20000200  __STACK_TOP                   
20000258  blockedQueue                  
2000025c  running                       
20000262  UART_INPUT                    
20000264  _lock                         
20000268  _unlock                       
2000027c  errno                         
20000288  _sys_memory                   
ffffffff  __TI_pprof_out_hndl           
ffffffff  __TI_prof_data_size           
ffffffff  __TI_prof_data_start          
ffffffff  __binit__                     
ffffffff  __c_args__                    
ffffffff  binit                         
UNDEFED   __mpu_init                    
UNDEFED   _system_post_cinit            

[173 symbols]
